Product: MDK-ARM Standard 5.10
Component: ARM Compiler 5.04 update 1 (build 49)
Tool: armlink [5040049]

==============================================================================

Section Cross References

    startup_stm32f10x_hd.o(RESET) refers to startup_stm32f10x_hd.o(STACK) for __initial_sp
    startup_stm32f10x_hd.o(RESET) refers to startup_stm32f10x_hd.o(.text) for Reset_Handler
    startup_stm32f10x_hd.o(RESET) refers to stm32f10x_it.o(i.NMI_Handler) for NMI_Handler
    startup_stm32f10x_hd.o(RESET) refers to stm32f10x_it.o(i.HardFault_Handler) for HardFault_Handler
    startup_stm32f10x_hd.o(RESET) refers to stm32f10x_it.o(i.MemManage_Handler) for MemManage_Handler
    startup_stm32f10x_hd.o(RESET) refers to stm32f10x_it.o(i.BusFault_Handler) for BusFault_Handler
    startup_stm32f10x_hd.o(RESET) refers to stm32f10x_it.o(i.UsageFault_Handler) for UsageFault_Handler
    startup_stm32f10x_hd.o(RESET) refers to stm32f10x_it.o(i.SVC_Handler) for SVC_Handler
    startup_stm32f10x_hd.o(RESET) refers to stm32f10x_it.o(i.DebugMon_Handler) for DebugMon_Handler
    startup_stm32f10x_hd.o(RESET) refers to stm32f10x_it.o(i.PendSV_Handler) for PendSV_Handler
    startup_stm32f10x_hd.o(RESET) refers to stm32f10x_it.o(i.SysTick_Handler) for SysTick_Handler
    startup_stm32f10x_hd.o(RESET) refers to stm32f10x_it.o(i.RTC_IRQHandler) for RTC_IRQHandler
    startup_stm32f10x_hd.o(RESET) refers to stm32f10x_it.o(i.USART1_IRQHandler) for USART1_IRQHandler
    startup_stm32f10x_hd.o(RESET) refers to stm32f10x_it.o(i.USART2_IRQHandler) for USART2_IRQHandler
    startup_stm32f10x_hd.o(.text) refers to system_stm32f10x.o(i.SystemInit) for SystemInit
    startup_stm32f10x_hd.o(.text) refers to entry.o(.ARM.Collect$$$$00000000) for __main
    system_stm32f10x.o(i.SetSysClock) refers to system_stm32f10x.o(i.SetSysClockTo72) for SetSysClockTo72
    system_stm32f10x.o(i.SystemCoreClockUpdate) refers to system_stm32f10x.o(.data) for SystemCoreClock
    system_stm32f10x.o(i.SystemInit) refers to system_stm32f10x.o(i.SetSysClock) for SetSysClock
    stm32f10x_adc.o(i.ADC_DeInit) refers to stm32f10x_rcc.o(i.RCC_APB2PeriphResetCmd) for RCC_APB2PeriphResetCmd
    stm32f10x_bkp.o(i.BKP_DeInit) refers to stm32f10x_rcc.o(i.RCC_BackupResetCmd) for RCC_BackupResetCmd
    stm32f10x_can.o(i.CAN_DeInit) refers to stm32f10x_rcc.o(i.RCC_APB1PeriphResetCmd) for RCC_APB1PeriphResetCmd
    stm32f10x_can.o(i.CAN_GetITStatus) refers to stm32f10x_can.o(i.CheckITStatus) for CheckITStatus
    stm32f10x_cec.o(i.CEC_DeInit) refers to stm32f10x_rcc.o(i.RCC_APB1PeriphResetCmd) for RCC_APB1PeriphResetCmd
    stm32f10x_dac.o(i.DAC_DeInit) refers to stm32f10x_rcc.o(i.RCC_APB1PeriphResetCmd) for RCC_APB1PeriphResetCmd
    stm32f10x_flash.o(i.FLASH_EnableWriteProtection) refers to stm32f10x_flash.o(i.FLASH_WaitForLastOperation) for FLASH_WaitForLastOperation
    stm32f10x_flash.o(i.FLASH_EraseAllBank1Pages) refers to stm32f10x_flash.o(i.FLASH_WaitForLastBank1Operation) for FLASH_WaitForLastBank1Operation
    stm32f10x_flash.o(i.FLASH_EraseAllPages) refers to stm32f10x_flash.o(i.FLASH_WaitForLastOperation) for FLASH_WaitForLastOperation
    stm32f10x_flash.o(i.FLASH_EraseOptionBytes) refers to stm32f10x_flash.o(i.FLASH_GetReadOutProtectionStatus) for FLASH_GetReadOutProtectionStatus
    stm32f10x_flash.o(i.FLASH_EraseOptionBytes) refers to stm32f10x_flash.o(i.FLASH_WaitForLastOperation) for FLASH_WaitForLastOperation
    stm32f10x_flash.o(i.FLASH_ErasePage) refers to stm32f10x_flash.o(i.FLASH_WaitForLastOperation) for FLASH_WaitForLastOperation
    stm32f10x_flash.o(i.FLASH_ProgramHalfWord) refers to stm32f10x_flash.o(i.FLASH_WaitForLastOperation) for FLASH_WaitForLastOperation
    stm32f10x_flash.o(i.FLASH_ProgramOptionByteData) refers to stm32f10x_flash.o(i.FLASH_WaitForLastOperation) for FLASH_WaitForLastOperation
    stm32f10x_flash.o(i.FLASH_ProgramWord) refers to stm32f10x_flash.o(i.FLASH_WaitForLastOperation) for FLASH_WaitForLastOperation
    stm32f10x_flash.o(i.FLASH_ReadOutProtection) refers to stm32f10x_flash.o(i.FLASH_WaitForLastOperation) for FLASH_WaitForLastOperation
    stm32f10x_flash.o(i.FLASH_UserOptionByteConfig) refers to stm32f10x_flash.o(i.FLASH_WaitForLastOperation) for FLASH_WaitForLastOperation
    stm32f10x_flash.o(i.FLASH_WaitForLastBank1Operation) refers to stm32f10x_flash.o(i.FLASH_GetBank1Status) for FLASH_GetBank1Status
    stm32f10x_flash.o(i.FLASH_WaitForLastOperation) refers to stm32f10x_flash.o(i.FLASH_GetBank1Status) for FLASH_GetBank1Status
    stm32f10x_gpio.o(i.GPIO_AFIODeInit) refers to stm32f10x_rcc.o(i.RCC_APB2PeriphResetCmd) for RCC_APB2PeriphResetCmd
    stm32f10x_gpio.o(i.GPIO_DeInit) refers to stm32f10x_rcc.o(i.RCC_APB2PeriphResetCmd) for RCC_APB2PeriphResetCmd
    stm32f10x_i2c.o(i.I2C_DeInit) refers to stm32f10x_rcc.o(i.RCC_APB1PeriphResetCmd) for RCC_APB1PeriphResetCmd
    stm32f10x_i2c.o(i.I2C_Init) refers to stm32f10x_rcc.o(i.RCC_GetClocksFreq) for RCC_GetClocksFreq
[...]
    Removing stm32f10x_i2c.o(i.I2C_FastModeDutyCycleConfig), (28 bytes).
    Removing stm32f10x_i2c.o(i.I2C_GeneralCallCmd), (24 bytes).
    Removing stm32f10x_i2c.o(i.I2C_GenerateSTART), (24 bytes).
    Removing stm32f10x_i2c.o(i.I2C_GenerateSTOP), (24 bytes).
    Removing stm32f10x_i2c.o(i.I2C_GetFlagStatus), (58 bytes).
    Removing stm32f10x_i2c.o(i.I2C_GetITStatus), (38 bytes).
    Removing stm32f10x_i2c.o(i.I2C_GetLastEvent), (26 bytes).
    Removing stm32f10x_i2c.o(i.I2C_GetPEC), (8 bytes).
    Removing stm32f10x_i2c.o(i.I2C_ITConfig), (18 bytes).
    Removing stm32f10x_i2c.o(i.I2C_Init), (236 bytes).
    Removing stm32f10x_i2c.o(i.I2C_NACKPositionConfig), (28 bytes).
    Removing stm32f10x_i2c.o(i.I2C_OwnAddress2Config), (22 bytes).
    Removing stm32f10x_i2c.o(i.I2C_PECPositionConfig), (28 bytes).
    Removing stm32f10x_i2c.o(i.I2C_ReadRegister), (22 bytes).
    Removing stm32f10x_i2c.o(i.I2C_ReceiveData), (8 bytes).
    Removing stm32f10x_i2c.o(i.I2C_SMBusAlertConfig), (28 bytes).
    Removing stm32f10x_i2c.o(i.I2C_Send7bitAddress), (18 bytes).
    Removing stm32f10x_i2c.o(i.I2C_SendData), (4 bytes).
    Removing stm32f10x_i2c.o(i.I2C_SoftwareResetCmd), (22 bytes).
    Removing stm32f10x_i2c.o(i.I2C_StretchClockCmd), (24 bytes).
    Removing stm32f10x_i2c.o(i.I2C_StructInit), (30 bytes).
    Removing stm32f10x_i2c.o(i.I2C_TransmitPEC), (24 bytes).
    Removing stm32f10x_iwdg.o(i.IWDG_Enable), (16 bytes).
    Removing stm32f10x_iwdg.o(i.IWDG_GetFlagStatus), (24 bytes).
    Removing stm32f10x_iwdg.o(i.IWDG_ReloadCounter), (16 bytes).
    Removing stm32f10x_iwdg.o(i.IWDG_SetPrescaler), (12 bytes).
    Removing stm32f10x_iwdg.o(i.IWDG_SetReload), (12 bytes).
    Removing stm32f10x_iwdg.o(i.IWDG_WriteAccessCmd), (12 bytes).
    Removing stm32f10x_pwr.o(i.PWR_ClearFlag), (20 bytes).
    Removing stm32f10x_pwr.o(i.PWR_DeInit), (22 bytes).
    Removing stm32f10x_pwr.o(i.PWR_EnterSTANDBYMode), (52 bytes).
    Removing stm32f10x_pwr.o(i.PWR_EnterSTOPMode), (64 bytes).
    Removing stm32f10x_pwr.o(i.PWR_GetFlagStatus), (24 bytes).
    Removing stm32f10x_pwr.o(i.PWR_PVDCmd), (12 bytes).
    Removing stm32f10x_pwr.o(i.PWR_PVDLevelConfig), (24 bytes).
    Removing stm32f10x_pwr.o(i.PWR_WakeUpPinCmd), (12 bytes).
    Removing stm32f10x_rcc.o(i.RCC_ADCCLKConfig), (24 bytes).
    Removing stm32f10x_rcc.o(i.RCC_AHBPeriphClockCmd), (32 bytes).
    Removing stm32f10x_rcc.o(i.RCC_APB1PeriphResetCmd), (32 bytes).
    Removing stm32f10x_rcc.o(i.RCC_APB2PeriphResetCmd), (32 bytes).
    Removing stm32f10x_rcc.o(i.RCC_AdjustHSICalibrationValue), (24 bytes).
    Removing stm32f10x_rcc.o(i.RCC_ClearFlag), (20 bytes).
    Removing stm32f10x_rcc.o(i.RCC_ClearITPendingBit), (12 bytes).
    Removing stm32f10x_rcc.o(i.RCC_ClockSecuritySystemCmd), (12 bytes).
    Removing stm32f10x_rcc.o(i.RCC_DeInit), (76 bytes).
    Removing stm32f10x_rcc.o(i.RCC_GetITStatus), (24 bytes).
    Removing stm32f10x_rcc.o(i.RCC_GetSYSCLKSource), (16 bytes).
    Removing stm32f10x_rcc.o(i.RCC_HCLKConfig), (24 bytes).
    Removing stm32f10x_rcc.o(i.RCC_HSEConfig), (76 bytes).
    Removing stm32f10x_rcc.o(i.RCC_HSICmd), (12 bytes).
    Removing stm32f10x_rcc.o(i.RCC_ITConfig), (32 bytes).
    Removing stm32f10x_rcc.o(i.RCC_LSEConfig), (52 bytes).
    Removing stm32f10x_rcc.o(i.RCC_MCOConfig), (12 bytes).
    Removing stm32f10x_rcc.o(i.RCC_PCLK1Config), (24 bytes).
    Removing stm32f10x_rcc.o(i.RCC_PCLK2Config), (24 bytes).
    Removing stm32f10x_rcc.o(i.RCC_PLLCmd), (12 bytes).
    Removing stm32f10x_rcc.o(i.RCC_PLLConfig), (28 bytes).
    Removing stm32f10x_rcc.o(i.RCC_SYSCLKConfig), (24 bytes).
    Removing stm32f10x_rcc.o(i.RCC_USBCLKConfig), (12 bytes).
    Removing stm32f10x_rcc.o(i.RCC_WaitForHSEStartUp), (56 bytes).
    Removing stm32f10x_rtc.o(i.RTC_ClearFlag), (16 bytes).
    Removing stm32f10x_rtc.o(i.RTC_GetDivider), (24 bytes).
    Removing stm32f10x_rtc.o(i.RTC_GetFlagStatus), (24 bytes).
    Removing stm32f10x_rtc.o(i.RTC_SetAlarm), (28 bytes).
    Removing stm32f10x_sdio.o(i.SDIO_CEATAITCmd), (16 bytes).
    Removing stm32f10x_sdio.o(i.SDIO_ClearFlag), (12 bytes).
    Removing stm32f10x_sdio.o(i.SDIO_ClearITPendingBit), (12 bytes).
    Removing stm32f10x_sdio.o(i.SDIO_ClockCmd), (12 bytes).
    Removing stm32f10x_sdio.o(i.SDIO_CmdStructInit), (14 bytes).
    Removing stm32f10x_sdio.o(i.SDIO_CommandCompletionCmd), (12 bytes).
    Removing stm32f10x_sdio.o(i.SDIO_DMACmd), (12 bytes).
    Removing stm32f10x_sdio.o(i.SDIO_DataConfig), (48 bytes).
    Removing stm32f10x_sdio.o(i.SDIO_DataStructInit), (20 bytes).
    Removing stm32f10x_sdio.o(i.SDIO_DeInit), (36 bytes).
    Removing stm32f10x_sdio.o(i.SDIO_GetCommandResponse), (12 bytes).
    Removing stm32f10x_sdio.o(i.SDIO_GetDataCounter), (12 bytes).
    Removing stm32f10x_sdio.o(i.SDIO_GetFIFOCount), (12 bytes).
    Removing stm32f10x_sdio.o(i.SDIO_GetFlagStatus), (24 bytes).
    Removing stm32f10x_sdio.o(i.SDIO_GetITStatus), (24 bytes).
    Removing stm32f10x_sdio.o(i.SDIO_GetPowerState), (16 bytes).
    Removing stm32f10x_sdio.o(i.SDIO_GetResponse), (24 bytes).
    Removing stm32f10x_sdio.o(i.SDIO_ITConfig), (32 bytes).
    Removing stm32f10x_sdio.o(i.SDIO_Init), (48 bytes).
    Removing stm32f10x_sdio.o(i.SDIO_ReadData), (12 bytes).
    Removing stm32f10x_sdio.o(i.SDIO_SendCEATACmd), (12 bytes).
    Removing stm32f10x_sdio.o(i.SDIO_SendCommand), (44 bytes).
    Removing stm32f10x_sdio.o(i.SDIO_SendSDIOSuspendCmd), (12 bytes).
    Removing stm32f10x_sdio.o(i.SDIO_SetPowerState), (28 bytes).
    Removing stm32f10x_sdio.o(i.SDIO_SetSDIOOperation), (12 bytes).
    Removing stm32f10x_sdio.o(i.SDIO_SetSDIOReadWaitMode), (12 bytes).
    Removing stm32f10x_sdio.o(i.SDIO_StartSDIOReadWait), (12 bytes).
    Removing stm32f10x_sdio.o(i.SDIO_StopSDIOReadWait), (12 bytes).
    Removing stm32f10x_sdio.o(i.SDIO_StructInit), (16 bytes).
    Removing stm32f10x_sdio.o(i.SDIO_WriteData), (12 bytes).
    Removing stm32f10x_spi.o(i.I2S_Cmd), (24 bytes).
    Removing stm32f10x_spi.o(i.I2S_Init), (232 bytes).
    Removing stm32f10x_spi.o(i.I2S_StructInit), (20 bytes).
    Removing stm32f10x_spi.o(i.SPI_BiDirectionalLineConfig), (28 bytes).
    Removing stm32f10x_spi.o(i.SPI_CalculateCRC), (24 bytes).
    Removing stm32f10x_spi.o(i.SPI_Cmd), (24 bytes).
    Removing stm32f10x_spi.o(i.SPI_DataSizeConfig), (18 bytes).
    Removing stm32f10x_spi.o(i.SPI_GetCRC), (16 bytes).
    Removing stm32f10x_spi.o(i.SPI_GetCRCPolynomial), (6 bytes).
    Removing stm32f10x_spi.o(i.SPI_I2S_ClearFlag), (6 bytes).
    Removing stm32f10x_spi.o(i.SPI_I2S_ClearITPendingBit), (20 bytes).
    Removing stm32f10x_spi.o(i.SPI_I2S_DMACmd), (18 bytes).
    Removing stm32f10x_spi.o(i.SPI_I2S_DeInit), (88 bytes).
    Removing stm32f10x_spi.o(i.SPI_I2S_GetFlagStatus), (18 bytes).
    Removing stm32f10x_spi.o(i.SPI_I2S_GetITStatus), (52 bytes).
    Removing stm32f10x_spi.o(i.SPI_I2S_ITConfig), (32 bytes).
    Removing stm32f10x_spi.o(i.SPI_I2S_ReceiveData), (6 bytes).
    Removing stm32f10x_spi.o(i.SPI_I2S_SendData), (4 bytes).
    Removing stm32f10x_spi.o(i.SPI_Init), (60 bytes).
    Removing stm32f10x_spi.o(i.SPI_NSSInternalSoftwareConfig), (30 bytes).
    Removing stm32f10x_spi.o(i.SPI_SSOutputCmd), (24 bytes).
    Removing stm32f10x_spi.o(i.SPI_StructInit), (24 bytes).
    Removing stm32f10x_spi.o(i.SPI_TransmitCRC), (10 bytes).
    Removing stm32f10x_tim.o(i.TI1_Config), (128 bytes).
    Removing stm32f10x_tim.o(i.TI2_Config), (152 bytes).
    Removing stm32f10x_tim.o(i.TI3_Config), (144 bytes).
    Removing stm32f10x_tim.o(i.TI4_Config), (152 bytes).
    Removing stm32f10x_tim.o(i.TIM_ARRPreloadConfig), (24 bytes).
    Removing stm32f10x_tim.o(i.TIM_BDTRConfig), (32 bytes).
    Removing stm32f10x_tim.o(i.TIM_BDTRStructInit), (18 bytes).
    Removing stm32f10x_tim.o(i.TIM_CCPreloadControl), (24 bytes).
    Removing stm32f10x_tim.o(i.TIM_CCxCmd), (30 bytes).
    Removing stm32f10x_tim.o(i.TIM_CCxNCmd), (30 bytes).
    Removing stm32f10x_tim.o(i.TIM_ClearFlag), (6 bytes).
    Removing stm32f10x_tim.o(i.TIM_ClearITPendingBit), (6 bytes).
    Removing stm32f10x_tim.o(i.TIM_ClearOC1Ref), (18 bytes).
    Removing stm32f10x_tim.o(i.TIM_ClearOC2Ref), (24 bytes).
    Removing stm32f10x_tim.o(i.TIM_ClearOC3Ref), (18 bytes).
    Removing stm32f10x_tim.o(i.TIM_ClearOC4Ref), (24 bytes).
    Removing stm32f10x_tim.o(i.TIM_Cmd), (24 bytes).
    Removing stm32f10x_tim.o(i.TIM_CounterModeConfig), (18 bytes).
    Removing stm32f10x_tim.o(i.TIM_CtrlPWMOutputs), (30 bytes).
    Removing stm32f10x_tim.o(i.TIM_DMACmd), (18 bytes).
    Removing stm32f10x_tim.o(i.TIM_DMAConfig), (10 bytes).
    Removing stm32f10x_tim.o(i.TIM_DeInit), (488 bytes).
    Removing stm32f10x_tim.o(i.TIM_ETRClockMode1Config), (54 bytes).
    Removing stm32f10x_tim.o(i.TIM_ETRClockMode2Config), (32 bytes).
    Removing stm32f10x_tim.o(i.TIM_ETRConfig), (28 bytes).
    Removing stm32f10x_tim.o(i.TIM_EncoderInterfaceConfig), (66 bytes).
    Removing stm32f10x_tim.o(i.TIM_ForcedOC1Config), (18 bytes).
    Removing stm32f10x_tim.o(i.TIM_ForcedOC2Config), (26 bytes).
    Removing stm32f10x_tim.o(i.TIM_ForcedOC3Config), (18 bytes).
    Removing stm32f10x_tim.o(i.TIM_ForcedOC4Config), (26 bytes).
    Removing stm32f10x_tim.o(i.TIM_GenerateEvent), (4 bytes).
    Removing stm32f10x_tim.o(i.TIM_GetCapture1), (6 bytes).
    Removing stm32f10x_tim.o(i.TIM_GetCapture2), (6 bytes).
    Removing stm32f10x_tim.o(i.TIM_GetCapture3), (6 bytes).
    Removing stm32f10x_tim.o(i.TIM_GetCapture4), (8 bytes).
    Removing stm32f10x_tim.o(i.TIM_GetCounter), (6 bytes).
    Removing stm32f10x_tim.o(i.TIM_GetFlagStatus), (18 bytes).
    Removing stm32f10x_tim.o(i.TIM_GetITStatus), (34 bytes).
    Removing stm32f10x_tim.o(i.TIM_GetPrescaler), (6 bytes).
    Removing stm32f10x_tim.o(i.TIM_ICInit), (172 bytes).
    Removing stm32f10x_tim.o(i.TIM_ICStructInit), (18 bytes).
    Removing stm32f10x_tim.o(i.TIM_ITConfig), (18 bytes).
    Removing stm32f10x_tim.o(i.TIM_ITRxExternalClockConfig), (24 bytes).
    Removing stm32f10x_tim.o(i.TIM_InternalClockConfig), (12 bytes).
    Removing stm32f10x_tim.o(i.TIM_OC1FastConfig), (18 bytes).
    Removing stm32f10x_tim.o(i.TIM_OC1Init), (152 bytes).
    Removing stm32f10x_tim.o(i.TIM_OC1NPolarityConfig), (18 bytes).
    Removing stm32f10x_tim.o(i.TIM_OC1PolarityConfig), (18 bytes).
    Removing stm32f10x_tim.o(i.TIM_OC1PreloadConfig), (18 bytes).
    Removing stm32f10x_tim.o(i.TIM_OC2FastConfig), (26 bytes).
    Removing stm32f10x_tim.o(i.TIM_OC2Init), (164 bytes).
    Removing stm32f10x_tim.o(i.TIM_OC2NPolarityConfig), (26 bytes).
    Removing stm32f10x_tim.o(i.TIM_OC2PolarityConfig), (26 bytes).
    Removing stm32f10x_tim.o(i.TIM_OC2PreloadConfig), (26 bytes).
    Removing stm32f10x_tim.o(i.TIM_OC3FastConfig), (18 bytes).
    Removing stm32f10x_tim.o(i.TIM_OC3Init), (160 bytes).
    Removing stm32f10x_tim.o(i.TIM_OC3NPolarityConfig), (26 bytes).
    Removing stm32f10x_tim.o(i.TIM_OC3PolarityConfig), (26 bytes).
    Removing stm32f10x_tim.o(i.TIM_OC3PreloadConfig), (18 bytes).
    Removing stm32f10x_tim.o(i.TIM_OC4FastConfig), (26 bytes).
    Removing stm32f10x_tim.o(i.TIM_OC4Init), (124 bytes).
    Removing stm32f10x_tim.o(i.TIM_OC4PolarityConfig), (26 bytes).
    Removing stm32f10x_tim.o(i.TIM_OC4PreloadConfig), (26 bytes).
    Removing stm32f10x_tim.o(i.TIM_OCStructInit), (20 bytes).
    Removing stm32f10x_tim.o(i.TIM_PWMIConfig), (124 bytes).
    Removing stm32f10x_tim.o(i.TIM_PrescalerConfig), (6 bytes).
    Removing stm32f10x_tim.o(i.TIM_SelectCCDMA), (24 bytes).
    Removing stm32f10x_tim.o(i.TIM_SelectCOM), (24 bytes).
    Removing stm32f10x_tim.o(i.TIM_SelectHallSensor), (24 bytes).
    Removing stm32f10x_tim.o(i.TIM_SelectInputTrigger), (18 bytes).
    Removing stm32f10x_tim.o(i.TIM_SelectMasterSlaveMode), (18 bytes).
    Removing stm32f10x_tim.o(i.TIM_SelectOCxM), (82 bytes).
    Removing stm32f10x_tim.o(i.TIM_SelectOnePulseMode), (18 bytes).
    Removing stm32f10x_tim.o(i.TIM_SelectOutputTrigger), (18 bytes).
    Removing stm32f10x_tim.o(i.TIM_SelectSlaveMode), (18 bytes).
    Removing stm32f10x_tim.o(i.TIM_SetAutoreload), (4 bytes).
    Removing stm32f10x_tim.o(i.TIM_SetClockDivision), (18 bytes).
    Removing stm32f10x_tim.o(i.TIM_SetCompare1), (4 bytes).
    Removing stm32f10x_tim.o(i.TIM_SetCompare2), (4 bytes).
    Removing stm32f10x_tim.o(i.TIM_SetCompare3), (4 bytes).
    Removing stm32f10x_tim.o(i.TIM_SetCompare4), (6 bytes).
    Removing stm32f10x_tim.o(i.TIM_SetCounter), (4 bytes).
    Removing stm32f10x_tim.o(i.TIM_SetIC1Prescaler), (18 bytes).
    Removing stm32f10x_tim.o(i.TIM_SetIC2Prescaler), (26 bytes).
    Removing stm32f10x_tim.o(i.TIM_SetIC3Prescaler), (18 bytes).
    Removing stm32f10x_tim.o(i.TIM_SetIC4Prescaler), (26 bytes).
    Removing stm32f10x_tim.o(i.TIM_TIxExternalClockConfig), (62 bytes).
    Removing stm32f10x_tim.o(i.TIM_TimeBaseInit), (164 bytes).
    Removing stm32f10x_tim.o(i.TIM_TimeBaseStructInit), (18 bytes).
    Removing stm32f10x_tim.o(i.TIM_UpdateDisableConfig), (24 bytes).
    Removing stm32f10x_tim.o(i.TIM_UpdateRequestConfig), (24 bytes).
    Removing stm32f10x_usart.o(i.USART_ClearFlag), (18 bytes).
    Removing stm32f10x_usart.o(i.USART_ClearITPendingBit), (30 bytes).
    Removing stm32f10x_usart.o(i.USART_ClockInit), (34 bytes).
    Removing stm32f10x_usart.o(i.USART_ClockStructInit), (12 bytes).
    Removing stm32f10x_usart.o(i.USART_DMACmd), (18 bytes).
    Removing stm32f10x_usart.o(i.USART_DeInit), (156 bytes).
    Removing stm32f10x_usart.o(i.USART_HalfDuplexCmd), (24 bytes).
    Removing stm32f10x_usart.o(i.USART_IrDACmd), (24 bytes).
    Removing stm32f10x_usart.o(i.USART_IrDAConfig), (18 bytes).
    Removing stm32f10x_usart.o(i.USART_LINBreakDetectLengthConfig), (18 bytes).
    Removing stm32f10x_usart.o(i.USART_LINCmd), (24 bytes).
    Removing stm32f10x_usart.o(i.USART_OneBitMethodCmd), (24 bytes).
    Removing stm32f10x_usart.o(i.USART_OverSampling8Cmd), (22 bytes).
    Removing stm32f10x_usart.o(i.USART_ReceiverWakeUpCmd), (24 bytes).
    Removing stm32f10x_usart.o(i.USART_SendBreak), (10 bytes).
    Removing stm32f10x_usart.o(i.USART_SetAddress), (18 bytes).
    Removing stm32f10x_usart.o(i.USART_SetGuardTime), (16 bytes).
    Removing stm32f10x_usart.o(i.USART_SetPrescaler), (16 bytes).
    Removing stm32f10x_usart.o(i.USART_SmartCardCmd), (24 bytes).
    Removing stm32f10x_usart.o(i.USART_SmartCardNACKCmd), (24 bytes).
    Removing stm32f10x_usart.o(i.USART_StructInit), (24 bytes).
    Removing stm32f10x_usart.o(i.USART_WakeUpConfig), (18 bytes).
    Removing stm32f10x_wwdg.o(i.WWDG_ClearFlag), (12 bytes).
    Removing stm32f10x_wwdg.o(i.WWDG_DeInit), (22 bytes).
    Removing stm32f10x_wwdg.o(i.WWDG_Enable), (16 bytes).
    Removing stm32f10x_wwdg.o(i.WWDG_EnableIT), (12 bytes).
    Removing stm32f10x_wwdg.o(i.WWDG_GetFlagStatus), (12 bytes).
    Removing stm32f10x_wwdg.o(i.WWDG_SetCounter), (16 bytes).
    Removing stm32f10x_wwdg.o(i.WWDG_SetPrescaler), (24 bytes).
    Removing stm32f10x_wwdg.o(i.WWDG_SetWindowValue), (40 bytes).
    Removing main.o(i.Delay_Ms), (20 bytes).
    Removing bsp_ili9341_lcd.o(i.ILI9341_DispString_EN), (104 bytes).
    Removing bsp_ili9341_lcd.o(i.ILI9341_DispString_EN_YDir), (104 bytes).
    Removing bsp_ili9341_lcd.o(i.ILI9341_DrawCircle), (312 bytes).
    Removing bsp_ili9341_lcd.o(i.ILI9341_DrawLine), (160 bytes).
    Removing bsp_ili9341_lcd.o(i.ILI9341_DrawRectangle), (136 bytes).
    Removing bsp_ili9341_lcd.o(i.ILI9341_GetPointPixel), (24 bytes).
    Removing bsp_ili9341_lcd.o(i.ILI9341_Read_ID), (42 bytes).
    Removing bsp_ili9341_lcd.o(i.ILI9341_Read_PixelData), (54 bytes).
    Removing bsp_ili9341_lcd.o(i.ILI9341_SetCursor), (20 bytes).
    Removing bsp_ili9341_lcd.o(i.ILI9341_SetPointPixel), (56 bytes).
    Removing bsp_ili9341_lcd.o(i.LCD_GetColors), (24 bytes).
    Removing bsp_ili9341_lcd.o(i.LCD_SetBackColor), (12 bytes).
    Removing bsp_ili9341_lcd.o(i.LCD_SetTextColor), (12 bytes).
    Removing supermarket.o(i.Clear_ShopCart), (140 bytes).
    Removing supermarket.o(i.Get_Goods_SerialNumber), (8 bytes).
    Removing supermarket.o(i.Pay_ShopCart), (108 bytes).
    Removing beep.o(i.BEEP_Click), (48 bytes).
    Removing beep.o(.data), (1 bytes).
    Removing dadd.o(.text), (334 bytes).
    Removing dmul.o(.text), (228 bytes).
    Removing ddiv.o(.text), (222 bytes).
    Removing dfixul.o(.text), (48 bytes).
    Removing cdrcmple.o(.text), (40 bytes).
    Removing depilogue.o(.text), (182 bytes).
    Removing bsp_ili9341_lcd.o(i.ILI9341_Read_Data), (88 bytes).

466 unused section(s) (total 20201 bytes) removed from the image.

==============================================================================

Image Symbol Table

    Local Symbols

    Symbol Name                              Value     Ov Type        Size  Object(Section)

    ../clib/microlib/division.c              0x00000000   Number         0  uldiv.o ABSOLUTE
    ../clib/microlib/division.c              0x00000000   Number         0  uidiv.o ABSOLUTE
    ../clib/microlib/init/entry.s            0x00000000   Number         0  entry9b.o ABSOLUTE
    ../clib/microlib/init/entry.s            0x00000000   Number         0  entry8b.o ABSOLUTE
    ../clib/microlib/init/entry.s            0x00000000   Number         0  entry5.o ABSOLUTE
    ../clib/microlib/init/entry.s            0x00000000   Number         0  entry8a.o ABSOLUTE
    ../clib/microlib/init/entry.s            0x00000000   Number         0  entry11b.o ABSOLUTE
    ../clib/microlib/init/entry.s            0x00000000   Number         0  entry2.o ABSOLUTE
    ../clib/microlib/init/entry.s            0x00000000   Number         0  entry9a.o ABSOLUTE
    ../clib/microlib/init/entry.s            0x00000000   Number         0  entry7a.o ABSOLUTE
    ../clib/microlib/init/entry.s            0x00000000   Number         0  entry11a.o ABSOLUTE
    ../clib/microlib/init/entry.s            0x00000000   Number         0  entry10b.o ABSOLUTE
    ../clib/microlib/init/entry.s            0x00000000   Number         0  entry10a.o ABSOLUTE
    ../clib/microlib/init/entry.s            0x00000000   Number         0  entry.o ABSOLUTE
    ../clib/microlib/init/entry.s            0x00000000   Number         0  entry7b.o ABSOLUTE
    ../clib/microlib/longlong.c              0x00000000   Number         0  llushr.o ABSOLUTE
    ../clib/microlib/longlong.c              0x00000000   Number         0  llsshr.o ABSOLUTE
    ../clib/microlib/longlong.c              0x00000000   Number         0  llshl.o ABSOLUTE
    ../clib/microlib/malloc/malloc.c         0x00000000   Number         0  malloc.o ABSOLUTE
    ../clib/microlib/malloc/malloc.c         0x00000000   Number         0  mallocr.o ABSOLUTE
    ../clib/microlib/malloc/malloc.c         0x00000000   Number         0  malloca.o ABSOLUTE
    ../clib/microlib/malloc/malloc.c         0x00000000   Number         0  mallocra.o ABSOLUTE
    ../clib/microlib/malloc/mvars.c          0x00000000   Number         0  mvars.o ABSOLUTE
    ../clib/microlib/printf/printf.c         0x00000000   Number         0  printf2.o ABSOLUTE
    ../clib/microlib/printf/printf.c         0x00000000   Number         0  printf4.o ABSOLUTE
    ../clib/microlib/printf/printf.c         0x00000000   Number         0  printf5.o ABSOLUTE
    ../clib/microlib/printf/printf.c         0x00000000   Number         0  printf6.o ABSOLUTE
    ../clib/microlib/printf/printf.c         0x00000000   Number         0  printfb.o ABSOLUTE
    ../clib/microlib/printf/printf.c         0x00000000   Number         0  printfa.o ABSOLUTE
    ../clib/microlib/printf/printf.c         0x00000000   Number         0  printf8.o ABSOLUTE
    ../clib/microlib/printf/printf.c         0x00000000   Number         0  printf0.o ABSOLUTE
    ../clib/microlib/printf/printf.c         0x00000000   Number         0  printf1.o ABSOLUTE
    ../clib/microlib/printf/printf.c         0x00000000   Number         0  printf7.o ABSOLUTE
    ../clib/microlib/printf/printf.c         0x00000000   Number         0  printf3.o ABSOLUTE
    ../clib/microlib/printf/stubs.s          0x00000000   Number         0  stubs.o ABSOLUTE
    ../clib/microlib/stdio/streams.c         0x00000000   Number         0  stdout.o ABSOLUTE
    ../clib/microlib/string/memcpy.c         0x00000000   Number         0  memcpyb.o ABSOLUTE
    ../clib/microlib/string/memcpy.c         0x00000000   Number         0  memcpya.o ABSOLUTE
    ../clib/microlib/string/strcmp.c         0x00000000   Number         0  strcmp.o ABSOLUTE
    ../clib/microlib/string/strcpy.c         0x00000000   Number         0  strcpy.o ABSOLUTE
    ../clib/microlib/string/strlen.c         0x00000000   Number         0  strlen.o ABSOLUTE
    ../clib/microlib/string/strncpy.c        0x00000000   Number         0  strncpy.o ABSOLUTE
    ../clib/microlib/stubs.s                 0x00000000   Number         0  iusefp.o ABSOLUTE
    ../fplib/microlib/fpadd.c                0x00000000   Number         0  dadd.o ABSOLUTE
    ../fplib/microlib/fpdiv.c                0x00000000   Number         0  ddiv.o ABSOLUTE
    ../fplib/microlib/fpepilogue.c           0x00000000   Number         0  depilogue.o ABSOLUTE
    ../fplib/microlib/fpfix.c                0x00000000   Number         0  dfixul.o ABSOLUTE
    ../fplib/microlib/fpmul.c                0x00000000   Number         0  dmul.o ABSOLUTE
    ..\..\Libraries\CMSIS\core_cm3.c         0x00000000   Number         0  core_cm3.o ABSOLUTE
    ..\..\Libraries\CMSIS\startup\startup_stm32f10x_hd.s 0x00000000   Number         0  startup_stm32f10x_hd.o ABSOLUTE
    ..\..\Libraries\CMSIS\system_stm32f10x.c 0x00000000   Number         0  system_stm32f10x.o ABSOLUTE
    ..\..\Libraries\FWlib\src\misc.c         0x00000000   Number         0  misc.o ABSOLUTE
    ..\..\Libraries\FWlib\src\stm32f10x_adc.c 0x00000000   Number         0  stm32f10x_adc.o ABSOLUTE
    ..\..\Libraries\FWlib\src\stm32f10x_bkp.c 0x00000000   Number         0  stm32f10x_bkp.o ABSOLUTE
    ..\..\Libraries\FWlib\src\stm32f10x_can.c 0x00000000   Number         0  stm32f10x_can.o ABSOLUTE
    ..\..\Libraries\FWlib\src\stm32f10x_cec.c 0x00000000   Number         0  stm32f10x_cec.o ABSOLUTE
    ..\..\Libraries\FWlib\src\stm32f10x_crc.c 0x00000000   Number         0  stm32f10x_crc.o ABSOLUTE
    ..\..\Libraries\FWlib\src\stm32f10x_dac.c 0x00000000   Number         0  stm32f10x_dac.o ABSOLUTE
    ..\..\Libraries\FWlib\src\stm32f10x_dbgmcu.c 0x00000000   Number         0  stm32f10x_dbgmcu.o ABSOLUTE
    ..\..\Libraries\FWlib\src\stm32f10x_dma.c 0x00000000   Number         0  stm32f10x_dma.o ABSOLUTE
    ..\..\Libraries\FWlib\src\stm32f10x_exti.c 0x00000000   Number         0  stm32f10x_exti.o ABSOLUTE
    ..\..\Libraries\FWlib\src\stm32f10x_flash.c 0x00000000   Number         0  stm32f10x_flash.o ABSOLUTE
    ..\..\Libraries\FWlib\src\stm32f10x_fsmc.c 0x00000000   Number         0  stm32f10x_fsmc.o ABSOLUTE
    ..\..\Libraries\FWlib\src\stm32f10x_gpio.c 0x00000000   Number         0  stm32f10x_gpio.o ABSOLUTE
    ..\..\Libraries\FWlib\src\stm32f10x_i2c.c 0x00000000   Number         0  stm32f10x_i2c.o ABSOLUTE
    ..\..\Libraries\FWlib\src\stm32f10x_iwdg.c 0x00000000   Number         0  stm32f10x_iwdg.o ABSOLUTE
    ..\..\Libraries\FWlib\src\stm32f10x_pwr.c 0x00000000   Number         0  stm32f10x_pwr.o ABSOLUTE
    ..\..\Libraries\FWlib\src\stm32f10x_rcc.c 0x00000000   Number         0  stm32f10x_rcc.o ABSOLUTE
    ..\..\Libraries\FWlib\src\stm32f10x_rtc.c 0x00000000   Number         0  stm32f10x_rtc.o ABSOLUTE
    ..\..\Libraries\FWlib\src\stm32f10x_sdio.c 0x00000000   Number         0  stm32f10x_sdio.o ABSOLUTE
    ..\..\Libraries\FWlib\src\stm32f10x_spi.c 0x00000000   Number         0  stm32f10x_spi.o ABSOLUTE
    ..\..\Libraries\FWlib\src\stm32f10x_tim.c 0x00000000   Number         0  stm32f10x_tim.o ABSOLUTE
    ..\..\Libraries\FWlib\src\stm32f10x_usart.c 0x00000000   Number         0  stm32f10x_usart.o ABSOLUTE
    ..\..\Libraries\FWlib\src\stm32f10x_wwdg.c 0x00000000   Number         0  stm32f10x_wwdg.o ABSOLUTE
    ..\..\User\BEEP.c                        0x00000000   Number         0  beep.o ABSOLUTE
    ..\..\User\IO.c                          0x00000000   Number         0  io.o ABSOLUTE
    ..\..\User\KEY.c                         0x00000000   Number         0  key.o ABSOLUTE
    ..\..\User\LED.c                         0x00000000   Number         0  led.o ABSOLUTE
    ..\..\User\Lcd\bsp_ili9341_lcd.c         0x00000000   Number         0  bsp_ili9341_lcd.o ABSOLUTE
    ..\..\User\Menu.c                        0x00000000   Number         0  menu.o ABSOLUTE
    ..\..\User\Module.c                      0x00000000   Number         0  module.o ABSOLUTE
    ..\..\User\Supermarket.c                 0x00000000   Number         0  supermarket.o ABSOLUTE
    ..\..\User\font\fonts.c                  0x00000000   Number         0  fonts.o ABSOLUTE
    ..\..\User\main.c                        0x00000000   Number         0  main.o ABSOLUTE
    ..\..\User\stm32f10x_it.c                0x00000000   Number         0  stm32f10x_it.o ABSOLUTE
    ..\\..\\Libraries\\CMSIS\\core_cm3.c     0x00000000   Number         0  core_cm3.o ABSOLUTE
    cdrcmple.s                               0x00000000   Number         0  cdrcmple.o ABSOLUTE
    dc.s                                     0x00000000   Number         0  dc.o ABSOLUTE
    handlers.s                               0x00000000   Number         0  handlers.o ABSOLUTE
    init.s                                   0x00000000   Number         0  init.o ABSOLUTE
    RESET                                    0x08000000   Section      304  startup_stm32f10x_hd.o(RESET)
    .ARM.Collect$$$$00000000                 0x08000130   Section        0  entry.o(.ARM.Collect$$$$00000000)
    .ARM.Collect$$$$00000001                 0x08000130   Section        4  entry2.o(.ARM.Collect$$$$00000001)
    .ARM.Collect$$$$00000004                 0x08000134   Section        4  entry5.o(.ARM.Collect$$$$00000004)
    .ARM.Collect$$$$00000008                 0x08000138   Section        0  entry7b.o(.ARM.Collect$$$$00000008)
    .ARM.Collect$$$$0000000A                 0x08000138   Section        0  entry8b.o(.ARM.Collect$$$$0000000A)
    .ARM.Collect$$$$0000000B                 0x08000138   Section        8  entry9a.o(.ARM.Collect$$$$0000000B)
    .ARM.Collect$$$$0000000D                 0x08000140   Section        0  entry10a.o(.ARM.Collect$$$$0000000D)
    .ARM.Collect$$$$0000000F                 0x08000140   Section        0  entry11a.o(.ARM.Collect$$$$0000000F)
    .ARM.Collect$$$$00002712                 0x08000140   Section        4  entry2.o(.ARM.Collect$$$$00002712)
    __lit__00000000                          0x08000140   Data           4  entry2.o(.ARM.Collect$$$$00002712)
    .text                                    0x08000144   Section       36  startup_stm32f10x_hd.o(.text)
    .text                                    0x08000168   Section        0  strncpy.o(.text)
    .text                                    0x08000180   Section        0  strlen.o(.text)
    .text                                    0x0800018e   Section        0  strcmp.o(.text)
    .text                                    0x080001aa   Section        0  strcpy.o(.text)
    .text                                    0x080001bc   Section        0  uidiv.o(.text)
    .text                                    0x080001e8   Section       36  init.o(.text)
    i.Add_Goods                              0x0800020c   Section        0  supermarket.o(i.Add_Goods)
    Add_Goods                                0x0800020d   Thumb Code   102  supermarket.o(i.Add_Goods)
    i.BEEP_Init                              0x08000290   Section        0  beep.o(i.BEEP_Init)
    i.BKP_DeInit                             0x080002c0   Section        0  stm32f10x_bkp.o(i.BKP_DeInit)
    i.BusFault_Handler                       0x080002d0   Section        0  stm32f10x_it.o(i.BusFault_Handler)
    i.Buy_Goods                              0x080002d4   Section        0  module.o(i.Buy_Goods)
    i.Cancel_Goods                           0x08000320   Section        0  module.o(i.Cancel_Goods)
    i.Check_Cmd                              0x08000338   Section        0  module.o(i.Check_Cmd)
    i.Check_Code                             0x08000384   Section        0  module.o(i.Check_Code)
    i.Check_Menu                             0x08000404   Section        0  menu.o(i.Check_Menu)
    Check_Menu                               0x08000405   Thumb Code    94  menu.o(i.Check_Menu)
    i.Check_PayCode                          0x08000490   Section        0  menu.o(i.Check_PayCode)
    Check_PayCode                            0x08000491   Thumb Code   132  menu.o(i.Check_PayCode)
    i.DebugMon_Handler                       0x08000540   Section        0  stm32f10x_it.o(i.DebugMon_Handler)
    i.Delete_Goods                           0x08000542   Section        0  supermarket.o(i.Delete_Goods)
    Delete_Goods                             0x08000543   Thumb Code    68  supermarket.o(i.Delete_Goods)
    i.Display_Menu                           0x08000588   Section        0  menu.o(i.Display_Menu)
    i.GPIO_Config                            0x080005d0   Section        0  io.o(i.GPIO_Config)
    GPIO_Config                              0x080005d1   Thumb Code   106  io.o(i.GPIO_Config)
    i.GPIO_Init                              0x08000640   Section        0  stm32f10x_gpio.o(i.GPIO_Init)
    i.GPIO_PinRemapConfig                    0x08000758   Section        0  stm32f10x_gpio.o(i.GPIO_PinRemapConfig)
    i.GPIO_ReadInputDataBit                  0x080007e8   Section        0  stm32f10x_gpio.o(i.GPIO_ReadInputDataBit)
    i.GPIO_ResetBits                         0x080007fa   Section        0  stm32f10x_gpio.o(i.GPIO_ResetBits)
    i.GPIO_SetBits                           0x080007fe   Section        0  stm32f10x_gpio.o(i.GPIO_SetBits)
    i.Get_Goods_Count                        0x08000802   Section        0  supermarket.o(i.Get_Goods_Count)
    i.Get_Goods_Name                         0x0800080a   Section        0  supermarket.o(i.Get_Goods_Name)
    i.Get_Goods_Price                        0x0800080c   Section        0  supermarket.o(i.Get_Goods_Price)
    i.Get_ShopCart_HeadGoods                 0x08000812   Section        0  supermarket.o(i.Get_ShopCart_HeadGoods)
    i.Get_ShopCart_HeadGoods_Count           0x08000818   Section        0  supermarket.o(i.Get_ShopCart_HeadGoods_Count)
    i.Get_ShopCart_Number                    0x08000822   Section        0  supermarket.o(i.Get_ShopCart_Number)
    i.Get_ShopCart_Value                     0x08000828   Section        0  supermarket.o(i.Get_ShopCart_Value)
    i.Get_User                               0x0800085c   Section        0  supermarket.o(i.Get_User)
    i.HardFault_Handler                      0x080008dc   Section        0  stm32f10x_it.o(i.HardFault_Handler)
    i.Home_Menu                              0x080008e0   Section        0  menu.o(i.Home_Menu)
    Home_Menu                                0x080008e1   Thumb Code   234  menu.o(i.Home_Menu)
    i.ILI9341_BackLed_Control                0x08000a4c   Section        0  bsp_ili9341_lcd.o(i.ILI9341_BackLed_Control)
    i.ILI9341_Clear                          0x08000a6c   Section        0  bsp_ili9341_lcd.o(i.ILI9341_Clear)
    i.ILI9341_Delay                          0x08000a98   Section        0  bsp_ili9341_lcd.o(i.ILI9341_Delay)
    ILI9341_Delay                            0x08000a99   Thumb Code    18  bsp_ili9341_lcd.o(i.ILI9341_Delay)
    i.ILI9341_DispChar_EN                    0x08000aac   Section        0  bsp_ili9341_lcd.o(i.ILI9341_DispChar_EN)
    i.ILI9341_DispStringLine_EN              0x08000b44   Section        0  bsp_ili9341_lcd.o(i.ILI9341_DispStringLine_EN)
    i.ILI9341_FillColor                      0x08000bac   Section        0  bsp_ili9341_lcd.o(i.ILI9341_FillColor)
    ILI9341_FillColor                        0x08000bad   Thumb Code    32  bsp_ili9341_lcd.o(i.ILI9341_FillColor)
    i.ILI9341_GPIO_Config                    0x08000bcc   Section        0  bsp_ili9341_lcd.o(i.ILI9341_GPIO_Config)
    ILI9341_GPIO_Config                      0x08000bcd   Thumb Code   126  bsp_ili9341_lcd.o(i.ILI9341_GPIO_Config)
    i.ILI9341_GramScan                       0x08000c5c   Section        0  bsp_ili9341_lcd.o(i.ILI9341_GramScan)
    i.ILI9341_Init                           0x08000d14   Section        0  bsp_ili9341_lcd.o(i.ILI9341_Init)
    i.ILI9341_OpenWindow                     0x08000d34   Section        0  bsp_ili9341_lcd.o(i.ILI9341_OpenWindow)
    i.ILI9341_REG_Config                     0x08000d94   Section        0  bsp_ili9341_lcd.o(i.ILI9341_REG_Config)
    ILI9341_REG_Config                       0x08000d95   Thumb Code   684  bsp_ili9341_lcd.o(i.ILI9341_REG_Config)
    i.ILI9341_Write_Cmd                      0x08001044   Section        0  bsp_ili9341_lcd.o(i.ILI9341_Write_Cmd)
    i.ILI9341_Write_Data                     0x0800106c   Section        0  bsp_ili9341_lcd.o(i.ILI9341_Write_Data)
    i.IO_Init                                0x08001094   Section        0  io.o(i.IO_Init)
    i.KEY_Control                            0x080010cc   Section        0  key.o(i.KEY_Control)
    i.KEY_Init                               0x080012cc   Section        0  key.o(i.KEY_Init)
    i.KEY_Read                               0x08001310   Section        0  key.o(i.KEY_Read)
    i.LCD_ClearLine                          0x080013a8   Section        0  bsp_ili9341_lcd.o(i.LCD_ClearLine)
    i.LCD_GetFont                            0x080013c8   Section        0  bsp_ili9341_lcd.o(i.LCD_GetFont)
    i.LCD_SetColors                          0x080013d4   Section        0  bsp_ili9341_lcd.o(i.LCD_SetColors)
    i.LCD_SetFont                            0x080013e8   Section        0  bsp_ili9341_lcd.o(i.LCD_SetFont)
    i.LED_Control                            0x080013f4   Section        0  led.o(i.LED_Control)
    i.LED_Init                               0x08001434   Section        0  led.o(i.LED_Init)
    i.MakeLabel_Goods                        0x08001480   Section        0  supermarket.o(i.MakeLabel_Goods)
    i.Manager_Menu                           0x0800149c   Section        0  menu.o(i.Manager_Menu)
    Manager_Menu                             0x0800149d   Thumb Code   140  menu.o(i.Manager_Menu)
    i.MemManage_Handler                      0x08001578   Section        0  stm32f10x_it.o(i.MemManage_Handler)
    i.Module_Init                            0x0800157c   Section        0  module.o(i.Module_Init)
    i.NMI_Handler                            0x08001594   Section        0  stm32f10x_it.o(i.NMI_Handler)
    i.NVIC_Config                            0x08001596   Section        0  io.o(i.NVIC_Config)
    NVIC_Config                              0x08001597   Thumb Code    94  io.o(i.NVIC_Config)
    i.NVIC_Init                              0x080015f4   Section        0  misc.o(i.NVIC_Init)
    i.NVIC_PriorityGroupConfig               0x08001664   Section        0  misc.o(i.NVIC_PriorityGroupConfig)
    i.PWR_BackupAccessCmd                    0x08001678   Section        0  stm32f10x_pwr.o(i.PWR_BackupAccessCmd)
    i.Pay_Menu                               0x08001684   Section        0  menu.o(i.Pay_Menu)
    Pay_Menu                                 0x08001685   Thumb Code   226  menu.o(i.Pay_Menu)
    i.PendSV_Handler                         0x080017e8   Section        0  stm32f10x_it.o(i.PendSV_Handler)
    i.Print_Goods                            0x080017ea   Section        0  supermarket.o(i.Print_Goods)
    i.Print_ShopCart                         0x080017ec   Section        0  supermarket.o(i.Print_ShopCart)
    i.RCC_APB1PeriphClockCmd                 0x080017f0   Section        0  stm32f10x_rcc.o(i.RCC_APB1PeriphClockCmd)
    i.RCC_APB2PeriphClockCmd                 0x08001810   Section        0  stm32f10x_rcc.o(i.RCC_APB2PeriphClockCmd)
    i.RCC_BackupResetCmd                     0x08001830   Section        0  stm32f10x_rcc.o(i.RCC_BackupResetCmd)
    i.RCC_GetClocksFreq                      0x0800183c   Section        0  stm32f10x_rcc.o(i.RCC_GetClocksFreq)
    i.RCC_GetFlagStatus                      0x08001910   Section        0  stm32f10x_rcc.o(i.RCC_GetFlagStatus)
    i.RCC_LSICmd                             0x0800194c   Section        0  stm32f10x_rcc.o(i.RCC_LSICmd)
    i.RCC_RTCCLKCmd                          0x08001958   Section        0  stm32f10x_rcc.o(i.RCC_RTCCLKCmd)
    i.RCC_RTCCLKConfig                       0x08001964   Section        0  stm32f10x_rcc.o(i.RCC_RTCCLKConfig)
    i.RTC_ClearITPendingBit                  0x08001974   Section        0  stm32f10x_rtc.o(i.RTC_ClearITPendingBit)
    i.RTC_Confing                            0x08001984   Section        0  io.o(i.RTC_Confing)
    RTC_Confing                              0x08001985   Thumb Code   100  io.o(i.RTC_Confing)
    i.RTC_EnterConfigMode                    0x080019e8   Section        0  stm32f10x_rtc.o(i.RTC_EnterConfigMode)
    i.RTC_ExitConfigMode                     0x080019fc   Section        0  stm32f10x_rtc.o(i.RTC_ExitConfigMode)
    i.RTC_GetCounter                         0x08001a10   Section        0  stm32f10x_rtc.o(i.RTC_GetCounter)
    i.RTC_GetITStatus                        0x08001a24   Section        0  stm32f10x_rtc.o(i.RTC_GetITStatus)
    i.RTC_IRQHandler                         0x08001a48   Section        0  stm32f10x_it.o(i.RTC_IRQHandler)
    i.RTC_ITConfig                           0x08001a80   Section        0  stm32f10x_rtc.o(i.RTC_ITConfig)
    i.RTC_SetCounter                         0x08001aa0   Section        0  stm32f10x_rtc.o(i.RTC_SetCounter)
    i.RTC_SetPrescaler                       0x08001abc   Section        0  stm32f10x_rtc.o(i.RTC_SetPrescaler)
    i.RTC_WaitForLastTask                    0x08001adc   Section        0  stm32f10x_rtc.o(i.RTC_WaitForLastTask)
    i.RTC_WaitForSynchro                     0x08001af0   Section        0  stm32f10x_rtc.o(i.RTC_WaitForSynchro)
    i.Read_Goods                             0x08001b14   Section        0  supermarket.o(i.Read_Goods)
    i.SVC_Handler                            0x08001b36   Section        0  stm32f10x_it.o(i.SVC_Handler)
    i.SetSysClock                            0x08001b38   Section        0  system_stm32f10x.o(i.SetSysClock)
    SetSysClock                              0x08001b39   Thumb Code     8  system_stm32f10x.o(i.SetSysClock)
    i.SetSysClockTo72                        0x08001b40   Section        0  system_stm32f10x.o(i.SetSysClockTo72)
    SetSysClockTo72                          0x08001b41   Thumb Code   214  system_stm32f10x.o(i.SetSysClockTo72)
    i.ShopCart_AddGoods                      0x08001c20   Section        0  supermarket.o(i.ShopCart_AddGoods)
    i.ShopCart_DelGoods                      0x08001cac   Section        0  supermarket.o(i.ShopCart_DelGoods)
    i.ShopCart_FindGoods                     0x08001d84   Section        0  supermarket.o(i.ShopCart_FindGoods)
    ShopCart_FindGoods                       0x08001d85   Thumb Code    62  supermarket.o(i.ShopCart_FindGoods)
    i.ShopCart_Initial                       0x08001e18   Section        0  supermarket.o(i.ShopCart_Initial)
    i.ShopCart_IsEmpty                       0x08001e94   Section        0  supermarket.o(i.ShopCart_IsEmpty)
    i.ShowGoods_Menu                         0x08001ee8   Section        0  menu.o(i.ShowGoods_Menu)
    ShowGoods_Menu                           0x08001ee9   Thumb Code   244  menu.o(i.ShowGoods_Menu)
    i.SysPrint                               0x0800204c   Section        0  supermarket.o(i.SysPrint)
    i.SysTick_Handler                        0x08002050   Section        0  stm32f10x_it.o(i.SysTick_Handler)
    i.SystemInit                             0x08002148   Section        0  system_stm32f10x.o(i.SystemInit)
    i.System_Menu                            0x080021a8   Section        0  menu.o(i.System_Menu)
    System_Menu                              0x080021a9   Thumb Code    86  menu.o(i.System_Menu)
    i.Time_Display                           0x0800222c   Section        0  io.o(i.Time_Display)
    i.Time_Mark                              0x08002278   Section        0  menu.o(i.Time_Mark)
    Time_Mark                                0x08002279   Thumb Code    62  menu.o(i.Time_Mark)
    i.USART1_Config                          0x080022f0   Section        0  io.o(i.USART1_Config)
    USART1_Config                            0x080022f1   Thumb Code    62  io.o(i.USART1_Config)
    i.USART1_IRQHandler                      0x08002334   Section        0  stm32f10x_it.o(i.USART1_IRQHandler)
    i.USART2_Config                          0x08002380   Section        0  io.o(i.USART2_Config)
    USART2_Config                            0x08002381   Thumb Code    62  io.o(i.USART2_Config)
    i.USART2_IRQHandler                      0x080023c4   Section        0  stm32f10x_it.o(i.USART2_IRQHandler)
    i.USART_Cmd                              0x08002410   Section        0  stm32f10x_usart.o(i.USART_Cmd)
    i.USART_GetFlagStatus                    0x08002428   Section        0  stm32f10x_usart.o(i.USART_GetFlagStatus)
    i.USART_GetITStatus                      0x08002442   Section        0  stm32f10x_usart.o(i.USART_GetITStatus)
    i.USART_ITConfig                         0x08002496   Section        0  stm32f10x_usart.o(i.USART_ITConfig)
    i.USART_Init                             0x080024e0   Section        0  stm32f10x_usart.o(i.USART_Init)
    i.USART_ReceiveData                      0x080025b8   Section        0  stm32f10x_usart.o(i.USART_ReceiveData)
    i.USART_SendData                         0x080025c2   Section        0  stm32f10x_usart.o(i.USART_SendData)
    i.UsageFault_Handler                     0x080025ca   Section        0  stm32f10x_it.o(i.UsageFault_Handler)
    i.User_Initial                           0x080025d0   Section        0  supermarket.o(i.User_Initial)
    i.__0printf$3                            0x08002604   Section        0  printf3.o(i.__0printf$3)
    i.__0sprintf$3                           0x08002624   Section        0  printf3.o(i.__0sprintf$3)
    i.__scatterload_copy                     0x0800264c   Section       14  handlers.o(i.__scatterload_copy)
    i.__scatterload_null                     0x0800265a   Section        2  handlers.o(i.__scatterload_null)
    i.__scatterload_zeroinit                 0x0800265c   Section       14  handlers.o(i.__scatterload_zeroinit)
    i._printf_core                           0x0800266c   Section        0  printf3.o(i._printf_core)
    _printf_core                             0x0800266d   Thumb Code   436  printf3.o(i._printf_core)
    i._sputc                                 0x08002824   Section        0  printf3.o(i._sputc)
    _sputc                                   0x08002825   Thumb Code    10  printf3.o(i._sputc)
    i.fputc                                  0x08002830   Section        0  io.o(i.fputc)
    i.free                                   0x08002854   Section        0  malloc.o(i.free)
    i.main                                   0x080028a4   Section        0  main.o(i.main)
    i.malloc                                 0x080029ac   Section        0  malloc.o(i.malloc)
    .constdata                               0x08002a18   Section    15200  fonts.o(.constdata)
    .data                                    0x20000000   Section       20  system_stm32f10x.o(.data)
    .data                                    0x20000014   Section       20  stm32f10x_rcc.o(.data)
    APBAHBPrescTable                         0x20000014   Data          16  stm32f10x_rcc.o(.data)
    ADCPrescTable                            0x20000024   Data           4  stm32f10x_rcc.o(.data)
    .data                                    0x20000028   Section        4  main.o(.data)
    .data                                    0x2000002c   Section        6  stm32f10x_it.o(.data)
    KEY_Time                                 0x2000002c   Data           1  stm32f10x_it.o(.data)
    Display_Time                             0x2000002d   Data           1  stm32f10x_it.o(.data)
    WaitTime_3s                              0x2000002e   Data           2  stm32f10x_it.o(.data)
    str_num                                  0x20000030   Data           1  stm32f10x_it.o(.data)
    str_num                                  0x20000031   Data           1  stm32f10x_it.o(.data)
    .data                                    0x20000034   Section       16  bsp_ili9341_lcd.o(.data)
    LCD_Currentfonts                         0x2000003c   Data           4  bsp_ili9341_lcd.o(.data)
    CurrentTextColor                         0x20000040   Data           2  bsp_ili9341_lcd.o(.data)
    CurrentBackColor                         0x20000042   Data           2  bsp_ili9341_lcd.o(.data)
    .data                                    0x20000044   Section       24  fonts.o(.data)
    .data                                    0x2000005c   Section        8  supermarket.o(.data)
    .data                                    0x20000064   Section       20  io.o(.data)
    .data                                    0x20000078   Section        5  key.o(.data)
    Key_Time                                 0x2000007a   Data           3  key.o(.data)
    .data                                    0x2000007d   Section        1  module.o(.data)
    .data                                    0x2000007e   Section        2  menu.o(.data)
    .data                                    0x20000080   Section        4  stdout.o(.data)
    .data                                    0x20000084   Section        4  mvars.o(.data)
    .data                                    0x20000088   Section        4  mvars.o(.data)
    .bss                                     0x2000008c   Section       40  io.o(.bss)
    .bss                                     0x200000b4   Section       80  module.o(.bss)
    HEAP                                     0x20000108   Section     8192  startup_stm32f10x_hd.o(HEAP)
    STACK                                    0x20002108   Section     1024  startup_stm32f10x_hd.o(STACK)

    Global Symbols

    Symbol Name                              Value     Ov Type        Size  Object(Section)

    BuildAttributes$$THM_ISAv4$P$D$K$B$S$PE$A:L22UL41UL21$X:L11$S22US41US21$IEEE1$IW$USESV6$~STKCKD$USESV7$~SHL$OSPACE$ROPI$EBA8$MICROLIB$REQ8$PRES8$EABIv2 0x00000000   Number         0  anon$$obj.o ABSOLUTE
    __ARM_use_no_argv                        0x00000000   Number         0  main.o ABSOLUTE
    _printf_a                                0x00000000   Number         0  stubs.o ABSOLUTE
    _printf_c                                0x00000000   Number         0  stubs.o ABSOLUTE
    _printf_charcount                        0x00000000   Number         0  stubs.o ABSOLUTE
    _printf_d                                0x00000000   Number         0  stubs.o ABSOLUTE
    _printf_e                                0x00000000   Number         0  stubs.o ABSOLUTE
    _printf_f                                0x00000000   Number         0  stubs.o ABSOLUTE
    _printf_flags                            0x00000000   Number         0  stubs.o ABSOLUTE
    _printf_fp_dec                           0x00000000   Number         0  stubs.o ABSOLUTE
    _printf_fp_hex                           0x00000000   Number         0  stubs.o ABSOLUTE
    _printf_g                                0x00000000   Number         0  stubs.o ABSOLUTE
    _printf_i                                0x00000000   Number         0  stubs.o ABSOLUTE
    _printf_int_dec                          0x00000000   Number         0  stubs.o ABSOLUTE
    _printf_l                                0x00000000   Number         0  stubs.o ABSOLUTE
    _printf_lc                               0x00000000   Number         0  stubs.o ABSOLUTE
    _printf_ll                               0x00000000   Number         0  stubs.o ABSOLUTE
    _printf_lld                              0x00000000   Number         0  stubs.o ABSOLUTE
    _printf_lli                              0x00000000   Number         0  stubs.o ABSOLUTE
    _printf_llo                              0x00000000   Number         0  stubs.o ABSOLUTE
    _printf_llu                              0x00000000   Number         0  stubs.o ABSOLUTE
    _printf_llx                              0x00000000   Number         0  stubs.o ABSOLUTE
    _printf_longlong_dec                     0x00000000   Number         0  stubs.o ABSOLUTE
    _printf_longlong_hex                     0x00000000   Number         0  stubs.o ABSOLUTE
    _printf_longlong_oct                     0x00000000   Number         0  stubs.o ABSOLUTE
    _printf_ls                               0x00000000   Number         0  stubs.o ABSOLUTE
    _printf_mbtowc                           0x00000000   Number         0  stubs.o ABSOLUTE
    _printf_n                                0x00000000   Number         0  stubs.o ABSOLUTE
    _printf_o                                0x00000000   Number         0  stubs.o ABSOLUTE
    _printf_p                                0x00000000   Number         0  stubs.o ABSOLUTE
    _printf_percent                          0x00000000   Number         0  stubs.o ABSOLUTE
    _printf_pre_padding                      0x00000000   Number         0  stubs.o ABSOLUTE
    _printf_return_value                     0x00000000   Number         0  stubs.o ABSOLUTE
    _printf_s                                0x00000000   Number         0  stubs.o ABSOLUTE
    _printf_sizespec                         0x00000000   Number         0  stubs.o ABSOLUTE
    _printf_str                              0x00000000   Number         0  stubs.o ABSOLUTE
    _printf_truncate_signed                  0x00000000   Number         0  stubs.o ABSOLUTE
    _printf_truncate_unsigned                0x00000000   Number         0  stubs.o ABSOLUTE
    _printf_u                                0x00000000   Number         0  stubs.o ABSOLUTE
    _printf_wc                               0x00000000   Number         0  stubs.o ABSOLUTE
    _printf_wctomb                           0x00000000   Number         0  stubs.o ABSOLUTE
    _printf_widthprec                        0x00000000   Number         0  stubs.o ABSOLUTE
    _printf_x                                0x00000000   Number         0  stubs.o ABSOLUTE
    __cpp_initialize__aeabi_                  - Undefined Weak Reference
    __cxa_finalize                            - Undefined Weak Reference
    __decompress                              - Undefined Weak Reference
    _clock_init                               - Undefined Weak Reference
    _microlib_exit                            - Undefined Weak Reference
    __Vectors_Size                           0x00000130   Number         0  startup_stm32f10x_hd.o ABSOLUTE
    __Vectors                                0x08000000   Data           4  startup_stm32f10x_hd.o(RESET)
    __Vectors_End                            0x08000130   Data           0  startup_stm32f10x_hd.o(RESET)
    __main                                   0x08000131   Thumb Code     0  entry.o(.ARM.Collect$$$$00000000)
    _main_stk                                0x08000131   Thumb Code     0  entry2.o(.ARM.Collect$$$$00000001)
    _main_scatterload                        0x08000135   Thumb Code     0  entry5.o(.ARM.Collect$$$$00000004)
    __main_after_scatterload                 0x08000139   Thumb Code     0  entry5.o(.ARM.Collect$$$$00000004)
    _main_clock                              0x08000139   Thumb Code     0  entry7b.o(.ARM.Collect$$$$00000008)
    _main_cpp_init                           0x08000139   Thumb Code     0  entry8b.o(.ARM.Collect$$$$0000000A)
    _main_init                               0x08000139   Thumb Code     0  entry9a.o(.ARM.Collect$$$$0000000B)
    __rt_final_cpp                           0x08000141   Thumb Code     0  entry10a.o(.ARM.Collect$$$$0000000D)
    __rt_final_exit                          0x08000141   Thumb Code     0  entry11a.o(.ARM.Collect$$$$0000000F)
    Reset_Handler                            0x08000145   Thumb Code     8  startup_stm32f10x_hd.o(.text)
    ADC1_2_IRQHandler                        0x0800015f   Thumb Code     0  startup_stm32f10x_hd.o(.text)
    ADC3_IRQHandler                          0x0800015f   Thumb Code     0  startup_stm32f10x_hd.o(.text)
    CAN1_RX1_IRQHandler                      0x0800015f   Thumb Code     0  startup_stm32f10x_hd.o(.text)
    CAN1_SCE_IRQHandler                      0x0800015f   Thumb Code     0  startup_stm32f10x_hd.o(.text)
    DMA1_Channel1_IRQHandler                 0x0800015f   Thumb Code     0  startup_stm32f10x_hd.o(.text)
    DMA1_Channel2_IRQHandler                 0x0800015f   Thumb Code     0  startup_stm32f10x_hd.o(.text)
    DMA1_Channel3_IRQHandler                 0x0800015f   Thumb Code     0  startup_stm32f10x_hd.o(.text)
    DMA1_Channel4_IRQHandler                 0x0800015f   Thumb Code     0  startup_stm32f10x_hd.o(.text)
    DMA1_Channel5_IRQHandler                 0x0800015f   Thumb Code     0  startup_stm32f10x_hd.o(.text)
    DMA1_Channel6_IRQHandler                 0x0800015f   Thumb Code     0  startup_stm32f10x_hd.o(.text)
    DMA1_Channel7_IRQHandler                 0x0800015f   Thumb Code     0  startup_stm32f10x_hd.o(.text)
    DMA2_Channel1_IRQHandler                 0x0800015f   Thumb Code     0  startup_stm32f10x_hd.o(.text)
    DMA2_Channel2_IRQHandler                 0x0800015f   Thumb Code     0  startup_stm32f10x_hd.o(.text)
    DMA2_Channel3_IRQHandler                 0x0800015f   Thumb Code     0  startup_stm32f10x_hd.o(.text)
    DMA2_Channel4_5_IRQHandler               0x0800015f   Thumb Code     0  startup_stm32f10x_hd.o(.text)
    EXTI0_IRQHandler                         0x0800015f   Thumb Code     0  startup_stm32f10x_hd.o(.text)
    EXTI15_10_IRQHandler                     0x0800015f   Thumb Code     0  startup_stm32f10x_hd.o(.text)
    EXTI1_IRQHandler                         0x0800015f   Thumb Code     0  startup_stm32f10x_hd.o(.text)
    EXTI2_IRQHandler                         0x0800015f   Thumb Code     0  startup_stm32f10x_hd.o(.text)
    EXTI3_IRQHandler                         0x0800015f   Thumb Code     0  startup_stm32f10x_hd.o(.text)
    EXTI4_IRQHandler                         0x0800015f   Thumb Code     0  startup_stm32f10x_hd.o(.text)
    EXTI9_5_IRQHandler                       0x0800015f   Thumb Code     0  startup_stm32f10x_hd.o(.text)
    FLASH_IRQHandler                         0x0800015f   Thumb Code     0  startup_stm32f10x_hd.o(.text)
    FSMC_IRQHandler                          0x0800015f   Thumb Code     0  startup_stm32f10x_hd.o(.text)
    I2C1_ER_IRQHandler                       0x0800015f   Thumb Code     0  startup_stm32f10x_hd.o(.text)
    I2C1_EV_IRQHandler                       0x0800015f   Thumb Code     0  startup_stm32f10x_hd.o(.text)
    I2C2_ER_IRQHandler                       0x0800015f   Thumb Code     0  startup_stm32f10x_hd.o(.text)
    I2C2_EV_IRQHandler                       0x0800015f   Thumb Code     0  startup_stm32f10x_hd.o(.text)
    PVD_IRQHandler                           0x0800015f   Thumb Code     0  startup_stm32f10x_hd.o(.text)
    RCC_IRQHandler                           0x0800015f   Thumb Code     0  startup_stm32f10x_hd.o(.text)
    RTCAlarm_IRQHandler                      0x0800015f   Thumb Code     0  startup_stm32f10x_hd.o(.text)
    SDIO_IRQHandler                          0x0800015f   Thumb Code     0  startup_stm32f10x_hd.o(.text)
    SPI1_IRQHandler                          0x0800015f   Thumb Code     0  startup_stm32f10x_hd.o(.text)
    SPI2_IRQHandler                          0x0800015f   Thumb Code     0  startup_stm32f10x_hd.o(.text)
    SPI3_IRQHandler                          0x0800015f   Thumb Code     0  startup_stm32f10x_hd.o(.text)
    TAMPER_IRQHandler                        0x0800015f   Thumb Code     0  startup_stm32f10x_hd.o(.text)
    TIM1_BRK_IRQHandler                      0x0800015f   Thumb Code     0  startup_stm32f10x_hd.o(.text)
    TIM1_CC_IRQHandler                       0x0800015f   Thumb Code     0  startup_stm32f10x_hd.o(.text)
    TIM1_TRG_COM_IRQHandler                  0x0800015f   Thumb Code     0  startup_stm32f10x_hd.o(.text)
    TIM1_UP_IRQHandler                       0x0800015f   Thumb Code     0  startup_stm32f10x_hd.o(.text)
    TIM2_IRQHandler                          0x0800015f   Thumb Code     0  startup_stm32f10x_hd.o(.text)
    TIM3_IRQHandler                          0x0800015f   Thumb Code     0  startup_stm32f10x_hd.o(.text)
    TIM4_IRQHandler                          0x0800015f   Thumb Code     0  startup_stm32f10x_hd.o(.text)
    TIM5_IRQHandler                          0x0800015f   Thumb Code     0  startup_stm32f10x_hd.o(.text)
    TIM6_IRQHandler                          0x0800015f   Thumb Code     0  startup_stm32f10x_hd.o(.text)
    TIM7_IRQHandler                          0x0800015f   Thumb Code     0  startup_stm32f10x_hd.o(.text)
    TIM8_BRK_IRQHandler                      0x0800015f   Thumb Code     0  startup_stm32f10x_hd.o(.text)
    TIM8_CC_IRQHandler                       0x0800015f   Thumb Code     0  startup_stm32f10x_hd.o(.text)
    TIM8_TRG_COM_IRQHandler                  0x0800015f   Thumb Code     0  startup_stm32f10x_hd.o(.text)
    TIM8_UP_IRQHandler                       0x0800015f   Thumb Code     0  startup_stm32f10x_hd.o(.text)
    UART4_IRQHandler                         0x0800015f   Thumb Code     0  startup_stm32f10x_hd.o(.text)
    UART5_IRQHandler                         0x0800015f   Thumb Code     0  startup_stm32f10x_hd.o(.text)
    USART3_IRQHandler                        0x0800015f   Thumb Code     0  startup_stm32f10x_hd.o(.text)
    USBWakeUp_IRQHandler                     0x0800015f   Thumb Code     0  startup_stm32f10x_hd.o(.text)
    USB_HP_CAN1_TX_IRQHandler                0x0800015f   Thumb Code     0  startup_stm32f10x_hd.o(.text)
    USB_LP_CAN1_RX0_IRQHandler               0x0800015f   Thumb Code     0  startup_stm32f10x_hd.o(.text)
    WWDG_IRQHandler                          0x0800015f   Thumb Code     0  startup_stm32f10x_hd.o(.text)
    strncpy                                  0x08000169   Thumb Code    24  strncpy.o(.text)
    strlen                                   0x08000181   Thumb Code    14  strlen.o(.text)
    strcmp                                   0x0800018f   Thumb Code    28  strcmp.o(.text)
    strcpy                                   0x080001ab   Thumb Code    18  strcpy.o(.text)
    __aeabi_uidiv                            0x080001bd   Thumb Code     0  uidiv.o(.text)
    __aeabi_uidivmod                         0x080001bd   Thumb Code    44  uidiv.o(.text)
    __scatterload                            0x080001e9   Thumb Code    28  init.o(.text)
    __scatterload_rt2                        0x080001e9   Thumb Code     0  init.o(.text)
    BEEP_Init                                0x08000291   Thumb Code    42  beep.o(i.BEEP_Init)
    BKP_DeInit                               0x080002c1   Thumb Code    16  stm32f10x_bkp.o(i.BKP_DeInit)
    BusFault_Handler                         0x080002d1   Thumb Code     4  stm32f10x_it.o(i.BusFault_Handler)
    Buy_Goods                                0x080002d5   Thumb Code    72  module.o(i.Buy_Goods)
    Cancel_Goods                             0x08000321   Thumb Code    14  module.o(i.Cancel_Goods)
    Check_Cmd                                0x08000339   Thumb Code    60  module.o(i.Check_Cmd)
    Check_Code                               0x08000385   Thumb Code    82  module.o(i.Check_Code)
    DebugMon_Handler                         0x08000541   Thumb Code     2  stm32f10x_it.o(i.DebugMon_Handler)
    Display_Menu                             0x08000589   Thumb Code    68  menu.o(i.Display_Menu)
    GPIO_Init                                0x08000641   Thumb Code   278  stm32f10x_gpio.o(i.GPIO_Init)
    GPIO_PinRemapConfig                      0x08000759   Thumb Code   138  stm32f10x_gpio.o(i.GPIO_PinRemapConfig)
    GPIO_ReadInputDataBit                    0x080007e9   Thumb Code    18  stm32f10x_gpio.o(i.GPIO_ReadInputDataBit)
    GPIO_ResetBits                           0x080007fb   Thumb Code     4  stm32f10x_gpio.o(i.GPIO_ResetBits)
    GPIO_SetBits                             0x080007ff   Thumb Code     4  stm32f10x_gpio.o(i.GPIO_SetBits)
    Get_Goods_Count                          0x08000803   Thumb Code     8  supermarket.o(i.Get_Goods_Count)
    Get_Goods_Name                           0x0800080b   Thumb Code     2  supermarket.o(i.Get_Goods_Name)
    Get_Goods_Price                          0x0800080d   Thumb Code     6  supermarket.o(i.Get_Goods_Price)
    Get_ShopCart_HeadGoods                   0x08000813   Thumb Code     6  supermarket.o(i.Get_ShopCart_HeadGoods)
    Get_ShopCart_HeadGoods_Count             0x08000819   Thumb Code    10  supermarket.o(i.Get_ShopCart_HeadGoods_Count)
    Get_ShopCart_Number                      0x08000823   Thumb Code     6  supermarket.o(i.Get_ShopCart_Number)
    Get_ShopCart_Value                       0x08000829   Thumb Code    50  supermarket.o(i.Get_ShopCart_Value)
    Get_User                                 0x0800085d   Thumb Code    42  supermarket.o(i.Get_User)
    HardFault_Handler                        0x080008dd   Thumb Code     4  stm32f10x_it.o(i.HardFault_Handler)
    ILI9341_BackLed_Control                  0x08000a4d   Thumb Code    26  bsp_ili9341_lcd.o(i.ILI9341_BackLed_Control)
    ILI9341_Clear                            0x08000a6d   Thumb Code    40  bsp_ili9341_lcd.o(i.ILI9341_Clear)
    ILI9341_DispChar_EN                      0x08000aad   Thumb Code   138  bsp_ili9341_lcd.o(i.ILI9341_DispChar_EN)
    ILI9341_DispStringLine_EN                0x08000b45   Thumb Code    92  bsp_ili9341_lcd.o(i.ILI9341_DispStringLine_EN)
    ILI9341_GramScan                         0x08000c5d   Thumb Code   172  bsp_ili9341_lcd.o(i.ILI9341_GramScan)
    ILI9341_Init                             0x08000d15   Thumb Code    26  bsp_ili9341_lcd.o(i.ILI9341_Init)
    ILI9341_OpenWindow                       0x08000d35   Thumb Code    96  bsp_ili9341_lcd.o(i.ILI9341_OpenWindow)
    ILI9341_Write_Cmd                        0x08001045   Thumb Code    30  bsp_ili9341_lcd.o(i.ILI9341_Write_Cmd)
    ILI9341_Write_Data                       0x0800106d   Thumb Code    30  bsp_ili9341_lcd.o(i.ILI9341_Write_Data)
    IO_Init                                  0x08001095   Thumb Code    54  io.o(i.IO_Init)
    KEY_Control                              0x080010cd   Thumb Code   478  key.o(i.KEY_Control)
    KEY_Init                                 0x080012cd   Thumb Code    58  key.o(i.KEY_Init)
    KEY_Read                                 0x08001311   Thumb Code   136  key.o(i.KEY_Read)
    LCD_ClearLine                            0x080013a9   Thumb Code    26  bsp_ili9341_lcd.o(i.LCD_ClearLine)
    LCD_GetFont                              0x080013c9   Thumb Code     6  bsp_ili9341_lcd.o(i.LCD_GetFont)
    LCD_SetColors                            0x080013d5   Thumb Code    10  bsp_ili9341_lcd.o(i.LCD_SetColors)
    LCD_SetFont                              0x080013e9   Thumb Code     6  bsp_ili9341_lcd.o(i.LCD_SetFont)
    LED_Control                              0x080013f5   Thumb Code    60  led.o(i.LED_Control)
    LED_Init                                 0x08001435   Thumb Code    72  led.o(i.LED_Init)
    MakeLabel_Goods                          0x08001481   Thumb Code    18  supermarket.o(i.MakeLabel_Goods)
    MemManage_Handler                        0x08001579   Thumb Code     4  stm32f10x_it.o(i.MemManage_Handler)
    Module_Init                              0x0800157d   Thumb Code    18  module.o(i.Module_Init)
    NMI_Handler                              0x08001595   Thumb Code     2  stm32f10x_it.o(i.NMI_Handler)
    NVIC_Init                                0x080015f5   Thumb Code   100  misc.o(i.NVIC_Init)
    NVIC_PriorityGroupConfig                 0x08001665   Thumb Code    10  misc.o(i.NVIC_PriorityGroupConfig)
    PWR_BackupAccessCmd                      0x08001679   Thumb Code     6  stm32f10x_pwr.o(i.PWR_BackupAccessCmd)
    PendSV_Handler                           0x080017e9   Thumb Code     2  stm32f10x_it.o(i.PendSV_Handler)
    Print_Goods                              0x080017eb   Thumb Code     2  supermarket.o(i.Print_Goods)
    Print_ShopCart                           0x080017ed   Thumb Code     2  supermarket.o(i.Print_ShopCart)
    RCC_APB1PeriphClockCmd                   0x080017f1   Thumb Code    26  stm32f10x_rcc.o(i.RCC_APB1PeriphClockCmd)
    RCC_APB2PeriphClockCmd                   0x08001811   Thumb Code    26  stm32f10x_rcc.o(i.RCC_APB2PeriphClockCmd)
    RCC_BackupResetCmd                       0x08001831   Thumb Code     6  stm32f10x_rcc.o(i.RCC_BackupResetCmd)
    RCC_GetClocksFreq                        0x0800183d   Thumb Code   192  stm32f10x_rcc.o(i.RCC_GetClocksFreq)
    RCC_GetFlagStatus                        0x08001911   Thumb Code    56  stm32f10x_rcc.o(i.RCC_GetFlagStatus)
    RCC_LSICmd                               0x0800194d   Thumb Code     6  stm32f10x_rcc.o(i.RCC_LSICmd)
    RCC_RTCCLKCmd                            0x08001959   Thumb Code     6  stm32f10x_rcc.o(i.RCC_RTCCLKCmd)
    RCC_RTCCLKConfig                         0x08001965   Thumb Code    12  stm32f10x_rcc.o(i.RCC_RTCCLKConfig)
    RTC_ClearITPendingBit                    0x08001975   Thumb Code    12  stm32f10x_rtc.o(i.RTC_ClearITPendingBit)
    RTC_EnterConfigMode                      0x080019e9   Thumb Code    14  stm32f10x_rtc.o(i.RTC_EnterConfigMode)
    RTC_ExitConfigMode                       0x080019fd   Thumb Code    16  stm32f10x_rtc.o(i.RTC_ExitConfigMode)
    RTC_GetCounter                           0x08001a11   Thumb Code    16  stm32f10x_rtc.o(i.RTC_GetCounter)
    RTC_GetITStatus                          0x08001a25   Thumb Code    32  stm32f10x_rtc.o(i.RTC_GetITStatus)
    RTC_IRQHandler                           0x08001a49   Thumb Code    48  stm32f10x_it.o(i.RTC_IRQHandler)
    RTC_ITConfig                             0x08001a81   Thumb Code    26  stm32f10x_rtc.o(i.RTC_ITConfig)
    RTC_SetCounter                           0x08001aa1   Thumb Code    24  stm32f10x_rtc.o(i.RTC_SetCounter)
    RTC_SetPrescaler                         0x08001abd   Thumb Code    26  stm32f10x_rtc.o(i.RTC_SetPrescaler)
    RTC_WaitForLastTask                      0x08001add   Thumb Code    16  stm32f10x_rtc.o(i.RTC_WaitForLastTask)
    RTC_WaitForSynchro                       0x08001af1   Thumb Code    30  stm32f10x_rtc.o(i.RTC_WaitForSynchro)
    Read_Goods                               0x08001b15   Thumb Code    34  supermarket.o(i.Read_Goods)
    SVC_Handler                              0x08001b37   Thumb Code     2  stm32f10x_it.o(i.SVC_Handler)
    ShopCart_AddGoods                        0x08001c21   Thumb Code    58  supermarket.o(i.ShopCart_AddGoods)
    ShopCart_DelGoods                        0x08001cad   Thumb Code   104  supermarket.o(i.ShopCart_DelGoods)
    ShopCart_Initial                         0x08001e19   Thumb Code    64  supermarket.o(i.ShopCart_Initial)
    ShopCart_IsEmpty                         0x08001e95   Thumb Code    30  supermarket.o(i.ShopCart_IsEmpty)
    SysPrint                                 0x0800204d   Thumb Code     2  supermarket.o(i.SysPrint)
    SysTick_Handler                          0x08002051   Thumb Code   178  stm32f10x_it.o(i.SysTick_Handler)
    SystemInit                               0x08002149   Thumb Code    78  system_stm32f10x.o(i.SystemInit)
    Time_Display                             0x0800222d   Thumb Code    62  io.o(i.Time_Display)
    USART1_IRQHandler                        0x08002335   Thumb Code    58  stm32f10x_it.o(i.USART1_IRQHandler)
    USART2_IRQHandler                        0x080023c5   Thumb Code    58  stm32f10x_it.o(i.USART2_IRQHandler)
    USART_Cmd                                0x08002411   Thumb Code    24  stm32f10x_usart.o(i.USART_Cmd)
    USART_GetFlagStatus                      0x08002429   Thumb Code    26  stm32f10x_usart.o(i.USART_GetFlagStatus)
    USART_GetITStatus                        0x08002443   Thumb Code    84  stm32f10x_usart.o(i.USART_GetITStatus)
    USART_ITConfig                           0x08002497   Thumb Code    74  stm32f10x_usart.o(i.USART_ITConfig)
    USART_Init                               0x080024e1   Thumb Code   210  stm32f10x_usart.o(i.USART_Init)
    USART_ReceiveData                        0x080025b9   Thumb Code    10  stm32f10x_usart.o(i.USART_ReceiveData)
    USART_SendData                           0x080025c3   Thumb Code     8  stm32f10x_usart.o(i.USART_SendData)
    UsageFault_Handler                       0x080025cb   Thumb Code     4  stm32f10x_it.o(i.UsageFault_Handler)
    User_Initial                             0x080025d1   Thumb Code    22  supermarket.o(i.User_Initial)
    __0printf$3                              0x08002605   Thumb Code    22  printf3.o(i.__0printf$3)
    __1printf$3                              0x08002605   Thumb Code     0  printf3.o(i.__0printf$3)
    __2printf                                0x08002605   Thumb Code     0  printf3.o(i.__0printf$3)
    __0sprintf$3                             0x08002625   Thumb Code    34  printf3.o(i.__0sprintf$3)
    __1sprintf$3                             0x08002625   Thumb Code     0  printf3.o(i.__0sprintf$3)
    __2sprintf                               0x08002625   Thumb Code     0  printf3.o(i.__0sprintf$3)
    __scatterload_copy                       0x0800264d   Thumb Code    14  handlers.o(i.__scatterload_copy)
    __scatterload_null                       0x0800265b   Thumb Code     2  handlers.o(i.__scatterload_null)
    __scatterload_zeroinit                   0x0800265d   Thumb Code    14  handlers.o(i.__scatterload_zeroinit)
    fputc                                    0x08002831   Thumb Code    32  io.o(i.fputc)
    free                                     0x08002855   Thumb Code    76  malloc.o(i.free)
    main                                     0x080028a5   Thumb Code   214  main.o(i.main)
    malloc                                   0x080029ad   Thumb Code    92  malloc.o(i.malloc)
    ASCII8x16_Table                          0x08002a18   Data        1520  fonts.o(.constdata)
    ASCII16x24_Table                         0x08003008   Data        4560  fonts.o(.constdata)
    ASCII24x32_Table                         0x080041d8   Data        9120  fonts.o(.constdata)
    Region$$Table$$Base                      0x08006578   Number         0  anon$$obj.o(Region$$Table)
    Region$$Table$$Limit                     0x08006598   Number         0  anon$$obj.o(Region$$Table)
    SystemCoreClock                          0x20000000   Data           4  system_stm32f10x.o(.data)
    AHBPrescTable                            0x20000004   Data          16  system_stm32f10x.o(.data)
    TimingDelay                              0x20000028   Data           4  main.o(.data)
    LCD_X_LENGTH                             0x20000034   Data           2  bsp_ili9341_lcd.o(.data)
    LCD_Y_LENGTH                             0x20000036   Data           2  bsp_ili9341_lcd.o(.data)
    LCD_SCAN_MODE                            0x20000038   Data           1  bsp_ili9341_lcd.o(.data)
    Font8x16                                 0x20000044   Data           8  fonts.o(.data)
    Font16x24                                0x2000004c   Data           8  fonts.o(.data)
    Font24x32                                0x20000054   Data           8  fonts.o(.data)
    MyUser                                   0x2000005c   Data           4  supermarket.o(.data)
    ShopCart                                 0x20000060   Data           4  supermarket.o(.data)
    Flag_USART1                              0x20000064   Data           1  io.o(.data)
    Flag_USART2                              0x20000065   Data           1  io.o(.data)
    TimeDisplay                              0x20000068   Data           4  io.o(.data)
    THH                                      0x2000006c   Data           4  io.o(.data)
    TMM                                      0x20000070   Data           4  io.o(.data)
    TSS                                      0x20000074   Data           4  io.o(.data)
    Flag_KEY                                 0x20000078   Data           1  key.o(.data)
    KEY_Con                                  0x20000079   Data           1  key.o(.data)
    Del_Index                                0x2000007d   Data           1  module.o(.data)
    Display_Index                            0x2000007e   Data           1  menu.o(.data)
    Flag_Display                             0x2000007f   Data           1  menu.o(.data)
    __stdout                                 0x20000080   Data           4  stdout.o(.data)
    __microlib_freelist                      0x20000084   Data           4  mvars.o(.data)
    __microlib_freelist_initialised          0x20000088   Data           4  mvars.o(.data)
    RxBuffer1                                0x2000008c   Data          20  io.o(.bss)
    RxBuffer2                                0x200000a0   Data          20  io.o(.bss)
    In_Code                                  0x200000b4   Data          20  module.o(.bss)
    Out_Code                                 0x200000c8   Data          20  module.o(.bss)
    String_Text                              0x200000dc   Data          40  module.o(.bss)
    __heap_base                              0x20000108   Data           0  startup_stm32f10x_hd.o(HEAP)
    __heap_limit                             0x20002108   Data           0  startup_stm32f10x_hd.o(HEAP)
    __initial_sp                             0x20002508   Data           0  startup_stm32f10x_hd.o(STACK)



==============================================================================

Memory Map of the image

  Image Entry point : 0x08000131

  Load Region LR_IROM1 (Base: 0x08000000, Size: 0x00006624, Max: 0x00040000, ABSOLUTE)

    Execution Region ER_IROM1 (Base: 0x08000000, Size: 0x00006598, Max: 0x00040000, ABSOLUTE)

    Base Addr    Size         Type   Attr      Idx    E Section Name        Object

    0x08000000   0x00000130   Data   RO            3    RESET               startup_stm32f10x_hd.o
    0x08000130   0x00000000   Code   RO         3941  * .ARM.Collect$$$$00000000  mc_w.l(entry.o)
    0x08000130   0x00000004   Code   RO         4241    .ARM.Collect$$$$00000001  mc_w.l(entry2.o)
    0x08000134   0x00000004   Code   RO         4244    .ARM.Collect$$$$00000004  mc_w.l(entry5.o)
    0x08000138   0x00000000   Code   RO         4246    .ARM.Collect$$$$00000008  mc_w.l(entry7b.o)
    0x08000138   0x00000000   Code   RO         4248    .ARM.Collect$$$$0000000A  mc_w.l(entry8b.o)
    0x08000138   0x00000008   Code   RO         4249    .ARM.Collect$$$$0000000B  mc_w.l(entry9a.o)
    0x08000140   0x00000000   Code   RO         4251    .ARM.Collect$$$$0000000D  mc_w.l(entry10a.o)
    0x08000140   0x00000000   Code   RO         4253    .ARM.Collect$$$$0000000F  mc_w.l(entry11a.o)
    0x08000140   0x00000004   Code   RO         4242    .ARM.Collect$$$$00002712  mc_w.l(entry2.o)
    0x08000144   0x00000024   Code   RO            4    .text               startup_stm32f10x_hd.o
    0x08000168   0x00000018   Code   RO         3944    .text               mc_w.l(strncpy.o)
    0x08000180   0x0000000e   Code   RO         3946    .text               mc_w.l(strlen.o)
    0x0800018e   0x0000001c   Code   RO         3948    .text               mc_w.l(strcmp.o)
    0x080001aa   0x00000012   Code   RO         3950    .text               mc_w.l(strcpy.o)
    0x080001bc   0x0000002c   Code   RO         4256    .text               mc_w.l(uidiv.o)
    0x080001e8   0x00000024   Code   RO         4277    .text               mc_w.l(init.o)
    0x0800020c   0x00000084   Code   RO         3556    i.Add_Goods         supermarket.o
    0x08000290   0x00000030   Code   RO         3710    i.BEEP_Init         beep.o
    0x080002c0   0x00000010   Code   RO          401    i.BKP_DeInit        stm32f10x_bkp.o
    0x080002d0   0x00000004   Code   RO         3260    i.BusFault_Handler  stm32f10x_it.o
    0x080002d4   0x0000004c   Code   RO         3840    i.Buy_Goods         module.o
    0x08000320   0x00000018   Code   RO         3841    i.Cancel_Goods      module.o
    0x08000338   0x0000004c   Code   RO         3842    i.Check_Cmd         module.o
    0x08000384   0x00000080   Code   RO         3843    i.Check_Code        module.o
    0x08000404   0x0000008c   Code   RO         3883    i.Check_Menu        menu.o
    0x08000490   0x000000b0   Code   RO         3884    i.Check_PayCode     menu.o
    0x08000540   0x00000002   Code   RO         3261    i.DebugMon_Handler  stm32f10x_it.o
    0x08000542   0x00000044   Code   RO         3558    i.Delete_Goods      supermarket.o
    0x08000586   0x00000002   PAD
    0x08000588   0x00000048   Code   RO         3885    i.Display_Menu      menu.o
    0x080005d0   0x00000070   Code   RO         3733    i.GPIO_Config       io.o
    0x08000640   0x00000116   Code   RO         1292    i.GPIO_Init         stm32f10x_gpio.o
    0x08000756   0x00000002   PAD
    0x08000758   0x00000090   Code   RO         1294    i.GPIO_PinRemapConfig  stm32f10x_gpio.o
    0x080007e8   0x00000012   Code   RO         1296    i.GPIO_ReadInputDataBit  stm32f10x_gpio.o
    0x080007fa   0x00000004   Code   RO         1299    i.GPIO_ResetBits    stm32f10x_gpio.o
    0x080007fe   0x00000004   Code   RO         1300    i.GPIO_SetBits      stm32f10x_gpio.o
    0x08000802   0x00000008   Code   RO         3559    i.Get_Goods_Count   supermarket.o
    0x0800080a   0x00000002   Code   RO         3560    i.Get_Goods_Name    supermarket.o
    0x0800080c   0x00000006   Code   RO         3561    i.Get_Goods_Price   supermarket.o
    0x08000812   0x00000006   Code   RO         3563    i.Get_ShopCart_HeadGoods  supermarket.o
    0x08000818   0x0000000a   Code   RO         3564    i.Get_ShopCart_HeadGoods_Count  supermarket.o
    0x08000822   0x00000006   Code   RO         3565    i.Get_ShopCart_Number  supermarket.o
    0x08000828   0x00000032   Code   RO         3566    i.Get_ShopCart_Value  supermarket.o
    0x0800085a   0x00000002   PAD
    0x0800085c   0x00000080   Code   RO         3567    i.Get_User          supermarket.o
    0x080008dc   0x00000004   Code   RO         3262    i.HardFault_Handler  stm32f10x_it.o
    0x080008e0   0x0000016c   Code   RO         3886    i.Home_Menu         menu.o
    0x08000a4c   0x00000020   Code   RO         3347    i.ILI9341_BackLed_Control  bsp_ili9341_lcd.o
    0x08000a6c   0x0000002c   Code   RO         3348    i.ILI9341_Clear     bsp_ili9341_lcd.o
    0x08000a98   0x00000012   Code   RO         3349    i.ILI9341_Delay     bsp_ili9341_lcd.o
    0x08000aaa   0x00000002   PAD
    0x08000aac   0x00000098   Code   RO         3350    i.ILI9341_DispChar_EN  bsp_ili9341_lcd.o
    0x08000b44   0x00000068   Code   RO         3351    i.ILI9341_DispStringLine_EN  bsp_ili9341_lcd.o
    0x08000bac   0x00000020   Code   RO         3357    i.ILI9341_FillColor  bsp_ili9341_lcd.o
    0x08000bcc   0x00000090   Code   RO         3358    i.ILI9341_GPIO_Config  bsp_ili9341_lcd.o
    0x08000c5c   0x000000b8   Code   RO         3360    i.ILI9341_GramScan  bsp_ili9341_lcd.o
    0x08000d14   0x00000020   Code   RO         3361    i.ILI9341_Init      bsp_ili9341_lcd.o
    0x08000d34   0x00000060   Code   RO         3362    i.ILI9341_OpenWindow  bsp_ili9341_lcd.o
    0x08000d94   0x000002b0   Code   RO         3363    i.ILI9341_REG_Config  bsp_ili9341_lcd.o
    0x08001044   0x00000028   Code   RO         3515    i.ILI9341_Write_Cmd  bsp_ili9341_lcd.o
    0x0800106c   0x00000028   Code   RO         3521    i.ILI9341_Write_Data  bsp_ili9341_lcd.o
    0x08001094   0x00000036   Code   RO         3734    i.IO_Init           io.o
    0x080010ca   0x00000002   PAD
    0x080010cc   0x00000200   Code   RO         3789    i.KEY_Control       key.o
    0x080012cc   0x00000044   Code   RO         3790    i.KEY_Init          key.o
    0x08001310   0x00000098   Code   RO         3791    i.KEY_Read          key.o
    0x080013a8   0x00000020   Code   RO         3368    i.LCD_ClearLine     bsp_ili9341_lcd.o
    0x080013c8   0x0000000c   Code   RO         3370    i.LCD_GetFont       bsp_ili9341_lcd.o
    0x080013d4   0x00000014   Code   RO         3372    i.LCD_SetColors     bsp_ili9341_lcd.o
    0x080013e8   0x0000000c   Code   RO         3373    i.LCD_SetFont       bsp_ili9341_lcd.o
    0x080013f4   0x00000040   Code   RO         3819    i.LED_Control       led.o
    0x08001434   0x0000004c   Code   RO         3820    i.LED_Init          led.o
    0x08001480   0x0000001c   Code   RO         3568    i.MakeLabel_Goods   supermarket.o
    0x0800149c   0x000000dc   Code   RO         3887    i.Manager_Menu      menu.o
    0x08001578   0x00000004   Code   RO         3263    i.MemManage_Handler  stm32f10x_it.o
    0x0800157c   0x00000018   Code   RO         3844    i.Module_Init       module.o
    0x08001594   0x00000002   Code   RO         3264    i.NMI_Handler       stm32f10x_it.o
    0x08001596   0x0000005e   Code   RO         3735    i.NVIC_Config       io.o
    0x080015f4   0x00000070   Code   RO          137    i.NVIC_Init         misc.o
    0x08001664   0x00000014   Code   RO          138    i.NVIC_PriorityGroupConfig  misc.o
    0x08001678   0x0000000c   Code   RO         1646    i.PWR_BackupAccessCmd  stm32f10x_pwr.o
    0x08001684   0x00000164   Code   RO         3888    i.Pay_Menu          menu.o
    0x080017e8   0x00000002   Code   RO         3265    i.PendSV_Handler    stm32f10x_it.o
    0x080017ea   0x00000002   Code   RO         3570    i.Print_Goods       supermarket.o
    0x080017ec   0x00000002   Code   RO         3571    i.Print_ShopCart    supermarket.o
    0x080017ee   0x00000002   PAD
    0x080017f0   0x00000020   Code   RO         1708    i.RCC_APB1PeriphClockCmd  stm32f10x_rcc.o
    0x08001810   0x00000020   Code   RO         1710    i.RCC_APB2PeriphClockCmd  stm32f10x_rcc.o
    0x08001830   0x0000000c   Code   RO         1713    i.RCC_BackupResetCmd  stm32f10x_rcc.o
    0x0800183c   0x000000d4   Code   RO         1718    i.RCC_GetClocksFreq  stm32f10x_rcc.o
    0x08001910   0x0000003c   Code   RO         1719    i.RCC_GetFlagStatus  stm32f10x_rcc.o
    0x0800194c   0x0000000c   Code   RO         1727    i.RCC_LSICmd        stm32f10x_rcc.o
    0x08001958   0x0000000c   Code   RO         1733    i.RCC_RTCCLKCmd     stm32f10x_rcc.o
    0x08001964   0x00000010   Code   RO         1734    i.RCC_RTCCLKConfig  stm32f10x_rcc.o
    0x08001974   0x00000010   Code   RO         1907    i.RTC_ClearITPendingBit  stm32f10x_rtc.o
    0x08001984   0x00000064   Code   RO         3736    i.RTC_Confing       io.o
    0x080019e8   0x00000014   Code   RO         1908    i.RTC_EnterConfigMode  stm32f10x_rtc.o
    0x080019fc   0x00000014   Code   RO         1909    i.RTC_ExitConfigMode  stm32f10x_rtc.o
    0x08001a10   0x00000014   Code   RO         1910    i.RTC_GetCounter    stm32f10x_rtc.o
    0x08001a24   0x00000024   Code   RO         1913    i.RTC_GetITStatus   stm32f10x_rtc.o
    0x08001a48   0x00000038   Code   RO         3266    i.RTC_IRQHandler    stm32f10x_it.o
    0x08001a80   0x00000020   Code   RO         1914    i.RTC_ITConfig      stm32f10x_rtc.o
    0x08001aa0   0x0000001c   Code   RO         1916    i.RTC_SetCounter    stm32f10x_rtc.o
    0x08001abc   0x00000020   Code   RO         1917    i.RTC_SetPrescaler  stm32f10x_rtc.o
    0x08001adc   0x00000014   Code   RO         1918    i.RTC_WaitForLastTask  stm32f10x_rtc.o
    0x08001af0   0x00000024   Code   RO         1919    i.RTC_WaitForSynchro  stm32f10x_rtc.o
    0x08001b14   0x00000022   Code   RO         3572    i.Read_Goods        supermarket.o
    0x08001b36   0x00000002   Code   RO         3267    i.SVC_Handler       stm32f10x_it.o
    0x08001b38   0x00000008   Code   RO           24    i.SetSysClock       system_stm32f10x.o
    0x08001b40   0x000000e0   Code   RO           25    i.SetSysClockTo72   system_stm32f10x.o
    0x08001c20   0x0000008c   Code   RO         3573    i.ShopCart_AddGoods  supermarket.o
    0x08001cac   0x000000d8   Code   RO         3574    i.ShopCart_DelGoods  supermarket.o
    0x08001d84   0x00000094   Code   RO         3575    i.ShopCart_FindGoods  supermarket.o
    0x08001e18   0x0000007c   Code   RO         3576    i.ShopCart_Initial  supermarket.o
    0x08001e94   0x00000054   Code   RO         3577    i.ShopCart_IsEmpty  supermarket.o
    0x08001ee8   0x00000164   Code   RO         3889    i.ShowGoods_Menu    menu.o
    0x0800204c   0x00000002   Code   RO         3578    i.SysPrint          supermarket.o
    0x0800204e   0x00000002   PAD
    0x08002050   0x000000f8   Code   RO         3268    i.SysTick_Handler   stm32f10x_it.o
    0x08002148   0x00000060   Code   RO           27    i.SystemInit        system_stm32f10x.o
    0x080021a8   0x00000084   Code   RO         3890    i.System_Menu       menu.o
    0x0800222c   0x0000004c   Code   RO         3737    i.Time_Display      io.o
    0x08002278   0x00000078   Code   RO         3891    i.Time_Mark         menu.o
    0x080022f0   0x00000044   Code   RO         3738    i.USART1_Config     io.o
    0x08002334   0x0000004c   Code   RO         3269    i.USART1_IRQHandler  stm32f10x_it.o
    0x08002380   0x00000044   Code   RO         3739    i.USART2_Config     io.o
    0x080023c4   0x0000004c   Code   RO         3270    i.USART2_IRQHandler  stm32f10x_it.o
    0x08002410   0x00000018   Code   RO         2878    i.USART_Cmd         stm32f10x_usart.o
    0x08002428   0x0000001a   Code   RO         2881    i.USART_GetFlagStatus  stm32f10x_usart.o
    0x08002442   0x00000054   Code   RO         2882    i.USART_GetITStatus  stm32f10x_usart.o
    0x08002496   0x0000004a   Code   RO         2884    i.USART_ITConfig    stm32f10x_usart.o
    0x080024e0   0x000000d8   Code   RO         2885    i.USART_Init        stm32f10x_usart.o
    0x080025b8   0x0000000a   Code   RO         2892    i.USART_ReceiveData  stm32f10x_usart.o
    0x080025c2   0x00000008   Code   RO         2895    i.USART_SendData    stm32f10x_usart.o
    0x080025ca   0x00000004   Code   RO         3271    i.UsageFault_Handler  stm32f10x_it.o
    0x080025ce   0x00000002   PAD
    0x080025d0   0x00000034   Code   RO         3579    i.User_Initial      supermarket.o
    0x08002604   0x00000020   Code   RO         4041    i.__0printf$3       mc_w.l(printf3.o)
    0x08002624   0x00000028   Code   RO         4043    i.__0sprintf$3      mc_w.l(printf3.o)
    0x0800264c   0x0000000e   Code   RO         4289    i.__scatterload_copy  mc_w.l(handlers.o)
    0x0800265a   0x00000002   Code   RO         4290    i.__scatterload_null  mc_w.l(handlers.o)
    0x0800265c   0x0000000e   Code   RO         4291    i.__scatterload_zeroinit  mc_w.l(handlers.o)
    0x0800266a   0x00000002   PAD
    0x0800266c   0x000001b8   Code   RO         4048    i._printf_core      mc_w.l(printf3.o)
    0x08002824   0x0000000a   Code   RO         4050    i._sputc            mc_w.l(printf3.o)
    0x0800282e   0x00000002   PAD
    0x08002830   0x00000024   Code   RO         3740    i.fputc             io.o
    0x08002854   0x00000050   Code   RO         4213    i.free              mc_w.l(malloc.o)
    0x080028a4   0x00000108   Code   RO         3109    i.main              main.o
    0x080029ac   0x0000006c   Code   RO         4214    i.malloc            mc_w.l(malloc.o)
    0x08002a18   0x00003b60   Data   RO         3543    .constdata          fonts.o
    0x08006578   0x00000020   Data   RO         4287    Region$$Table       anon$$obj.o


    Execution Region RW_IRAM1 (Base: 0x20000000, Size: 0x00002508, Max: 0x0000c000, ABSOLUTE)

    Base Addr    Size         Type   Attr      Idx    E Section Name        Object

    0x20000000   0x00000014   Data   RW           28    .data               system_stm32f10x.o
    0x20000014   0x00000014   Data   RW         1738    .data               stm32f10x_rcc.o
    0x20000028   0x00000004   Data   RW         3110    .data               main.o
    0x2000002c   0x00000006   Data   RW         3272    .data               stm32f10x_it.o
    0x20000032   0x00000002   PAD
    0x20000034   0x00000010   Data   RW         3375    .data               bsp_ili9341_lcd.o
    0x20000044   0x00000018   Data   RW         3544    .data               fonts.o
    0x2000005c   0x00000008   Data   RW         3580    .data               supermarket.o
    0x20000064   0x00000014   Data   RW         3742    .data               io.o
    0x20000078   0x00000005   Data   RW         3792    .data               key.o
    0x2000007d   0x00000001   Data   RW         3846    .data               module.o
    0x2000007e   0x00000002   Data   RW         3892    .data               menu.o
    0x20000080   0x00000004   Data   RW         4255    .data               mc_w.l(stdout.o)
    0x20000084   0x00000004   Data   RW         4264    .data               mc_w.l(mvars.o)
    0x20000088   0x00000004   Data   RW         4265    .data               mc_w.l(mvars.o)
    0x2000008c   0x00000028   Zero   RW         3741    .bss                io.o
    0x200000b4   0x00000050   Zero   RW         3845    .bss                module.o
    0x20000104   0x00000004   PAD
    0x20000108   0x00002000   Zero   RW            2    HEAP                startup_stm32f10x_hd.o
    0x20002108   0x00000400   Zero   RW            1    STACK               startup_stm32f10x_hd.o


==============================================================================

Image component sizes


      Code (inc. data)   RO Data    RW Data    ZI Data      Debug   Object Name

        48          6          0          0          0        500   beep.o
      1682        124          0         16          0      11765   bsp_ili9341_lcd.o
         0          0          0          0          0       4264   core_cm3.o
         0          0      15200         24          0       1385   fonts.o
       608         36          0         20         40       4659   io.o
       732         60          0          5          0       2015   key.o
       140          8          0          0          0       1097   led.o
       264         50          0          4          0     237750   main.o
      1936        658          0          2          0       5200   menu.o
       132         22          0          0          0       1627   misc.o
       328         82          0          1         80       3363   module.o
        36          8        304          0       9216        884   startup_stm32f10x_hd.o
        16          0          0          0          0        513   stm32f10x_bkp.o
       448          6          0          0          0       4634   stm32f10x_gpio.o
       480        114          0          6          0       6129   stm32f10x_it.o
        12          6          0          0          0        542   stm32f10x_pwr.o
       388         58          0         20          0       7411   stm32f10x_rcc.o
       260         48          0          0          0       5424   stm32f10x_rtc.o
       442          6          0          0          0       6333   stm32f10x_usart.o
      1248        550          0          8          0      13619   supermarket.o
       328         28          0         20          0     230597   system_stm32f10x.o

    ----------------------------------------------------------------------
      9544       1870      15536        128       9340     549711   Object Totals
         0          0         32          0          0          0   (incl. Generated)
        16          0          0          2          4          0   (incl. Padding)

    ----------------------------------------------------------------------

      Code (inc. data)   RO Data    RW Data    ZI Data      Debug   Library Member Name

         0          0          0          0          0          0   entry.o
         0          0          0          0          0          0   entry10a.o
         0          0          0          0          0          0   entry11a.o
         8          4          0          0          0          0   entry2.o
         4          0          0          0          0          0   entry5.o
         0          0          0          0          0          0   entry7b.o
         0          0          0          0          0          0   entry8b.o
         8          4          0          0          0          0   entry9a.o
        30          0          0          0          0          0   handlers.o
        36          8          0          0          0         68   init.o
       188         20          0          0          0        160   malloc.o
         0          0          0          8          0          0   mvars.o
       522         20          0          0          0        336   printf3.o
         0          0          0          4          0          0   stdout.o
        28          0          0          0          0         76   strcmp.o
        18          0          0          0          0         68   strcpy.o
        14          0          0          0          0         68   strlen.o
        24          0          0          0          0         76   strncpy.o
        44          0          0          0          0         80   uidiv.o

    ----------------------------------------------------------------------
       928         56          0         12          0        932   Library Totals
         4          0          0          0          0          0   (incl. Padding)

    ----------------------------------------------------------------------

      Code (inc. data)   RO Data    RW Data    ZI Data      Debug   Library Name

       924         56          0         12          0        932   mc_w.l

    ----------------------------------------------------------------------
       928         56          0         12          0        932   Library Totals

    ----------------------------------------------------------------------

==============================================================================


      Code (inc. data)   RO Data    RW Data    ZI Data      Debug   

     10472       1926      15536        140       9340     544607   Grand Totals
     10472       1926      15536        140       9340     544607   ELF Image Totals
     10472       1926      15536        140          0          0   ROM Totals

==============================================================================

    Total RO  Size (Code + RO Data)                26008 (  25.40kB)
    Total RW  Size (RW Data + ZI Data)              9480 (   9.26kB)
    Total ROM Size (Code + RO Data + RW Data)      26148 (  25.54kB)

==============================================================================

